Archive member included to satisfy reference by file (symbol)

../lbm_lib/./build/basic_modem.a(sx127x.o)
                              build_sx1276_linux/smtc_modem_hal.o (sx127x_irq_attach)
../lbm_lib/./build/basic_modem.a(ral_sx127x.o)
                              build_sx1276_linux/main_porting_tests.o (ral_sx127x_handles_part)
../lbm_lib/./build/basic_modem.a(ralf_sx127x.o)
                              build_sx1276_linux/main_porting_tests.o (ralf_sx127x_setup_gfsk)
../lbm_lib/./build/basic_modem.a(smtc_modem.o)
                              build_sx1276_linux/smtc_modem_hal.o (smtc_modem_get_radio_context)
../lbm_lib/./build/basic_modem.a(modem_event_utilities.o)
                              ../lbm_lib/./build/basic_modem.a(smtc_modem.o) (set_modem_event_count_and_status)
../lbm_lib/./build/basic_modem.a(fifo_ctrl.o)
                              ../lbm_lib/./build/basic_modem.a(smtc_modem.o) (fifo_ctrl_get_nb_elt)
../lbm_lib/./build/basic_modem.a(modem_core.o)
                              ../lbm_lib/./build/basic_modem.a(smtc_modem.o) (modem_context_init_light)
../lbm_lib/./build/basic_modem.a(modem_supervisor_light.o)
                              ../lbm_lib/./build/basic_modem.a(smtc_modem.o) (modem_supervisor_init)
../lbm_lib/./build/basic_modem.a(lorawan_certification.o)
                              ../lbm_lib/./build/basic_modem.a(smtc_modem.o) (lorawan_certification_services_init)
../lbm_lib/./build/basic_modem.a(lorawan_join_management.o)
                              ../lbm_lib/./build/basic_modem.a(modem_core.o) (lorawan_join_management_services_init)
../lbm_lib/./build/basic_modem.a(lorawan_send_management.o)
                              ../lbm_lib/./build/basic_modem.a(modem_core.o) (lorawan_send_management_services_init)
../lbm_lib/./build/basic_modem.a(lorawan_cid_request_management.o)
                              ../lbm_lib/./build/basic_modem.a(modem_core.o) (lorawan_cid_request_management_init)
../lbm_lib/./build/basic_modem.a(lorawan_dwn_ack_management.o)
                              ../lbm_lib/./build/basic_modem.a(modem_core.o) (lorawan_dwn_ack_management_init)
../lbm_lib/./build/basic_modem.a(soft_se.o)
                              ../lbm_lib/./build/basic_modem.a(smtc_modem.o) (smtc_secure_element_init)
../lbm_lib/./build/basic_modem.a(smtc_duty_cycle.o)
                              ../lbm_lib/./build/basic_modem.a(modem_core.o) (smtc_duty_cycle_init)
../lbm_lib/./build/basic_modem.a(radio_planner.o)
                              ../lbm_lib/./build/basic_modem.a(smtc_modem.o) (rp_init)
../lbm_lib/./build/basic_modem.a(lorawan_api.o)
                              ../lbm_lib/./build/basic_modem.a(modem_core.o) (lorawan_api_init)
../lbm_lib/./build/basic_modem.a(smtc_modem_test.o)
                              ../lbm_lib/./build/basic_modem.a(lorawan_certification.o) (smtc_modem_test_start)
../lbm_lib/./build/basic_modem.a(aes.o)
                              ../lbm_lib/./build/basic_modem.a(soft_se.o) (aes_set_key)
../lbm_lib/./build/basic_modem.a(cmac.o)
                              ../lbm_lib/./build/basic_modem.a(soft_se.o) (AES_CMAC_Init)
../lbm_lib/./build/basic_modem.a(smtc_modem_crypto.o)
                              ../lbm_lib/./build/basic_modem.a(lorawan_api.o) (smtc_modem_crypto_set_key)
../lbm_lib/./build/basic_modem.a(lr1_stack_mac_layer.o)
                              ../lbm_lib/./build/basic_modem.a(smtc_modem_test.o) (lr1_stack_mac_tx_lora_launch_callback_for_rp)
../lbm_lib/./build/basic_modem.a(lr1mac_core.o)
                              ../lbm_lib/./build/basic_modem.a(lorawan_api.o) (lr1mac_core_init)
../lbm_lib/./build/basic_modem.a(lr1mac_utilities.o)
                              ../lbm_lib/./build/basic_modem.a(lr1mac_core.o) (lr1mac_utilities_crc)
../lbm_lib/./build/basic_modem.a(smtc_real.o)
                              ../lbm_lib/./build/basic_modem.a(lr1mac_core.o) (smtc_real_is_supported_region)
../lbm_lib/./build/basic_modem.a(smtc_lbt.o)
                              ../lbm_lib/./build/basic_modem.a(smtc_modem_test.o) (smtc_lbt_init)
../lbm_lib/./build/basic_modem.a(region_as_923.o)
                              ../lbm_lib/./build/basic_modem.a(smtc_real.o) (region_as_923_init)
../lbm_lib/./build/basic_modem.a(region_au_915.o)
                              ../lbm_lib/./build/basic_modem.a(smtc_real.o) (region_au_915_init)
../lbm_lib/./build/basic_modem.a(region_cn_470.o)
                              ../lbm_lib/./build/basic_modem.a(smtc_real.o) (region_cn_470_init)
../lbm_lib/./build/basic_modem.a(region_cn_470_rp_1_0.o)
                              ../lbm_lib/./build/basic_modem.a(smtc_real.o) (region_cn_470_rp_1_0_init)
../lbm_lib/./build/basic_modem.a(region_eu_868.o)
                              ../lbm_lib/./build/basic_modem.a(smtc_real.o) (region_eu_868_init)
../lbm_lib/./build/basic_modem.a(region_in_865.o)
                              ../lbm_lib/./build/basic_modem.a(smtc_real.o) (region_in_865_init)
[...]
Memory Configuration

Name             Origin             Length             Attributes
*default*        0x0000000000000000 0xffffffffffffffff

Linker script and memory map

LOAD /home/aj/lorawan-balloon/tools/linux/toolchain/arm-rockchip830-linux-uclibcgnueabihf/bin/../arm-rockchip830-linux-uclibcgnueabihf/sysroot/usr/lib/crt1.o
LOAD /home/aj/lorawan-balloon/tools/linux/toolchain/arm-rockchip830-linux-uclibcgnueabihf/bin/../arm-rockchip830-linux-uclibcgnueabihf/sysroot/usr/lib/crti.o
LOAD /home/aj/lorawan-balloon/tools/linux/toolchain/arm-rockchip830-linux-uclibcgnueabihf/bin/../lib/gcc/arm-rockchip830-linux-uclibcgnueabihf/8.3.0/crtbegin.o
LOAD build_sx1276_linux/main.o
LOAD build_sx1276_linux/main_porting_tests.o
LOAD build_sx1276_linux/smtc_modem_hal.o
LOAD build_sx1276_linux/smtc_hal_eeprom.o
LOAD build_sx1276_linux/smtc_hal_rng.o
LOAD build_sx1276_linux/smtc_hal_spi.o
LOAD build_sx1276_linux/smtc_hal_trace.o
LOAD build_sx1276_linux/smtc_hal_uart.o
LOAD build_sx1276_linux/smtc_hal_watchdog.o
LOAD build_sx1276_linux/spidev_lib.o
LOAD build_sx1276_linux/smtc_hal_lp_timer.o
LOAD build_sx1276_linux/smtc_hal_gpio.o
LOAD build_sx1276_linux/smtc_hal_rtc.o
LOAD build_sx1276_linux/smtc_hal_mcu.o
LOAD build_sx1276_linux/sx127x_hal.o
LOAD build_sx1276_linux/ral_sx127x_bsp.o
LOAD build_sx1276_linux/radio_utilities.o
LOAD ../lbm_lib/./build/basic_modem.a
LOAD /home/aj/lorawan-balloon/tools/linux/toolchain/arm-rockchip830-linux-uclibcgnueabihf/bin/../lib/gcc/arm-rockchip830-linux-uclibcgnueabihf/8.3.0/libgcc.a
LOAD /home/aj/lorawan-balloon/tools/linux/toolchain/arm-rockchip830-linux-uclibcgnueabihf/bin/../lib/gcc/arm-rockchip830-linux-uclibcgnueabihf/8.3.0/../../../../arm-rockchip830-linux-uclibcgnueabihf/lib/libgcc_s.so
START GROUP
LOAD /home/aj/lorawan-balloon/tools/linux/toolchain/arm-rockchip830-linux-uclibcgnueabihf/bin/../lib/gcc/arm-rockchip830-linux-uclibcgnueabihf/8.3.0/../../../../arm-rockchip830-linux-uclibcgnueabihf/lib/libgcc_s.so.1
LOAD /home/aj/lorawan-balloon/tools/linux/toolchain/arm-rockchip830-linux-uclibcgnueabihf/bin/../lib/gcc/arm-rockchip830-linux-uclibcgnueabihf/8.3.0/libgcc.a
END GROUP
LOAD /home/aj/lorawan-balloon/tools/linux/toolchain/arm-rockchip830-linux-uclibcgnueabihf/bin/../arm-rockchip830-linux-uclibcgnueabihf/sysroot/usr/lib/libc.so
START GROUP
LOAD /home/aj/lorawan-balloon/tools/linux/toolchain/arm-rockchip830-linux-uclibcgnueabihf/bin/../arm-rockchip830-linux-uclibcgnueabihf/sysroot/lib/libc.so.1
LOAD /home/aj/lorawan-balloon/tools/linux/toolchain/arm-rockchip830-linux-uclibcgnueabihf/bin/../arm-rockchip830-linux-uclibcgnueabihf/sysroot/usr/lib/uclibc_nonshared.a
LOAD /home/aj/lorawan-balloon/tools/linux/toolchain/arm-rockchip830-linux-uclibcgnueabihf/bin/../arm-rockchip830-linux-uclibcgnueabihf/sysroot/usr/lib/libpthread_nonshared.a
LOAD /home/aj/lorawan-balloon/tools/linux/toolchain/arm-rockchip830-linux-uclibcgnueabihf/bin/../arm-rockchip830-linux-uclibcgnueabihf/sysroot/lib/ld-uClibc.so.1
END GROUP
LOAD /home/aj/lorawan-balloon/tools/linux/toolchain/arm-rockchip830-linux-uclibcgnueabihf/bin/../lib/gcc/arm-rockchip830-linux-uclibcgnueabihf/8.3.0/libgcc.a
LOAD /home/aj/lorawan-balloon/tools/linux/toolchain/arm-rockchip830-linux-uclibcgnueabihf/bin/../lib/gcc/arm-rockchip830-linux-uclibcgnueabihf/8.3.0/../../../../arm-rockchip830-linux-uclibcgnueabihf/lib/libgcc_s.so
START GROUP
LOAD /home/aj/lorawan-balloon/tools/linux/toolchain/arm-rockchip830-linux-uclibcgnueabihf/bin/../lib/gcc/arm-rockchip830-linux-uclibcgnueabihf/8.3.0/../../../../arm-rockchip830-linux-uclibcgnueabihf/lib/libgcc_s.so.1
LOAD /home/aj/lorawan-balloon/tools/linux/toolchain/arm-rockchip830-linux-uclibcgnueabihf/bin/../lib/gcc/arm-rockchip830-linux-uclibcgnueabihf/8.3.0/libgcc.a
END GROUP
LOAD /home/aj/lorawan-balloon/tools/linux/toolchain/arm-rockchip830-linux-uclibcgnueabihf/bin/../lib/gcc/arm-rockchip830-linux-uclibcgnueabihf/8.3.0/crtend.o
LOAD /home/aj/lorawan-balloon/tools/linux/toolchain/arm-rockchip830-linux-uclibcgnueabihf/bin/../arm-rockchip830-linux-uclibcgnueabihf/sysroot/usr/lib/crtn.o
                [!provide]                        PROVIDE (__executable_start = SEGMENT_START ("text-segment", 0x10000))
                0x0000000000010114                . = (SEGMENT_START ("text-segment", 0x10000) + SIZEOF_HEADERS)

.interp         0x0000000000010114       0x14
 *(.interp)
 .interp        0x0000000000010114       0x14 /home/aj/lorawan-balloon/tools/linux/toolchain/arm-rockchip830-linux-uclibcgnueabihf/bin/../arm-rockchip830-linux-uclibcgnueabihf/sysroot/usr/lib/crt1.o

.note.gnu.build-id
 *(.note.gnu.build-id)

.hash           0x0000000000010128       0xc0
 *(.hash)
 .hash          0x0000000000010128       0xc0 /home/aj/lorawan-balloon/tools/linux/toolchain/arm-rockchip830-linux-uclibcgnueabihf/bin/../arm-rockchip830-linux-uclibcgnueabihf/sysroot/usr/lib/crt1.o

.gnu.hash       0x00000000000101e8       0xdc
 *(.gnu.hash)
 .gnu.hash      0x00000000000101e8       0xdc /home/aj/lorawan-balloon/tools/linux/toolchain/arm-rockchip830-linux-uclibcgnueabihf/bin/../arm-rockchip830-linux-uclibcgnueabihf/sysroot/usr/lib/crt1.o

.dynsym         0x00000000000102c4      0x1d0
 *(.dynsym)
 .dynsym        0x00000000000102c4      0x1d0 /home/aj/lorawan-balloon/tools/linux/toolchain/arm-rockchip830-linux-uclibcgnueabihf/bin/../arm-rockchip830-linux-uclibcgnueabihf/sysroot/usr/lib/crt1.o

.dynstr         0x0000000000010494       0xfb
 *(.dynstr)
 .dynstr        0x0000000000010494       0xfb /home/aj/lorawan-balloon/tools/linux/toolchain/arm-rockchip830-linux-uclibcgnueabihf/bin/../arm-rockchip830-linux-uclibcgnueabihf/sysroot/usr/lib/crt1.o

.gnu.version    0x0000000000010590        0x0
 *(.gnu.version)
 .gnu.version   0x0000000000010590        0x0 /home/aj/lorawan-balloon/tools/linux/toolchain/arm-rockchip830-linux-uclibcgnueabihf/bin/../arm-rockchip830-linux-uclibcgnueabihf/sysroot/usr/lib/crt1.o

.gnu.version_d  0x0000000000010590        0x0
 *(.gnu.version_d)
 .gnu.version_d
                0x0000000000010590        0x0 /home/aj/lorawan-balloon/tools/linux/toolchain/arm-rockchip830-linux-uclibcgnueabihf/bin/../arm-rockchip830-linux-uclibcgnueabihf/sysroot/usr/lib/crt1.o

.gnu.version_r  0x0000000000010590        0x0
 *(.gnu.version_r)
 .gnu.version_r
                0x0000000000010590        0x0 /home/aj/lorawan-balloon/tools/linux/toolchain/arm-rockchip830-linux-uclibcgnueabihf/bin/../arm-rockchip830-linux-uclibcgnueabihf/sysroot/usr/lib/crt1.o

.rel.dyn        0x0000000000010590        0x8
 *(.rel.init)
 *(.rel.text .rel.text.* .rel.gnu.linkonce.t.*)
 *(.rel.fini)
 *(.rel.rodata .rel.rodata.* .rel.gnu.linkonce.r.*)
 *(.rel.data.rel.ro .rel.data.rel.ro.* .rel.gnu.linkonce.d.rel.ro.*)
 .rel.data.rel.ro
                0x0000000000010590        0x0 /home/aj/lorawan-balloon/tools/linux/toolchain/arm-rockchip830-linux-uclibcgnueabihf/bin/../arm-rockchip830-linux-uclibcgnueabihf/sysroot/usr/lib/crt1.o
 *(.rel.data .rel.data.* .rel.gnu.linkonce.d.*)
 *(.rel.tdata .rel.tdata.* .rel.gnu.linkonce.td.*)
 *(.rel.tbss .rel.tbss.* .rel.gnu.linkonce.tb.*)
 *(.rel.ctors)
 *(.rel.dtors)
 *(.rel.got)
 .rel.got       0x0000000000010590        0x0 /home/aj/lorawan-balloon/tools/linux/toolchain/arm-rockchip830-linux-uclibcgnueabihf/bin/../arm-rockchip830-linux-uclibcgnueabihf/sysroot/usr/lib/crt1.o
 *(.rel.bss .rel.bss.* .rel.gnu.linkonce.b.*)
 .rel.bss       0x0000000000010590        0x8 /home/aj/lorawan-balloon/tools/linux/toolchain/arm-rockchip830-linux-uclibcgnueabihf/bin/../arm-rockchip830-linux-uclibcgnueabihf/sysroot/usr/lib/crt1.o
                [!provide]                        PROVIDE (__rel_iplt_start = .)
 *(.rel.iplt)
 .rel.iplt      0x0000000000010598        0x0 /home/aj/lorawan-balloon/tools/linux/toolchain/arm-rockchip830-linux-uclibcgnueabihf/bin/../arm-rockchip830-linux-uclibcgnueabihf/sysroot/usr/lib/crt1.o
                [!provide]                        PROVIDE (__rel_iplt_end = .)

.rela.dyn       0x0000000000010598        0x0
 *(.rela.init)
 *(.rela.text .rela.text.* .rela.gnu.linkonce.t.*)
 *(.rela.fini)
 *(.rela.rodata .rela.rodata.* .rela.gnu.linkonce.r.*)
 *(.rela.data .rela.data.* .rela.gnu.linkonce.d.*)
 *(.rela.tdata .rela.tdata.* .rela.gnu.linkonce.td.*)
 *(.rela.tbss .rela.tbss.* .rela.gnu.linkonce.tb.*)
 *(.rela.ctors)
 *(.rela.dtors)
 *(.rela.got)
 *(.rela.bss .rela.bss.* .rela.gnu.linkonce.b.*)
                [!provide]                        PROVIDE (__rela_iplt_start = .)
 *(.rela.iplt)
                [!provide]                        PROVIDE (__rela_iplt_end = .)

.rel.plt        0x0000000000010598       0xd8
 *(.rel.plt)
 .rel.plt       0x0000000000010598       0xd8 /home/aj/lorawan-balloon/tools/linux/toolchain/arm-rockchip830-linux-uclibcgnueabihf/bin/../arm-rockchip830-linux-uclibcgnueabihf/sysroot/usr/lib/crt1.o

.rela.plt
 *(.rela.plt)

.init           0x0000000000010670       0x10
 *(SORT_NONE(.init))
 .init          0x0000000000010670        0xc /home/aj/lorawan-balloon/tools/linux/toolchain/arm-rockchip830-linux-uclibcgnueabihf/bin/../arm-rockchip830-linux-uclibcgnueabihf/sysroot/usr/lib/crti.o
                0x0000000000010670                _init
 .init          0x000000000001067c        0x4 /home/aj/lorawan-balloon/tools/linux/toolchain/arm-rockchip830-linux-uclibcgnueabihf/bin/../arm-rockchip830-linux-uclibcgnueabihf/sysroot/usr/lib/crtn.o

.plt            0x0000000000010680      0x158
 *(.plt)
 .plt           0x0000000000010680      0x158 /home/aj/lorawan-balloon/tools/linux/toolchain/arm-rockchip830-linux-uclibcgnueabihf/bin/../arm-rockchip830-linux-uclibcgnueabihf/sysroot/usr/lib/crt1.o
                0x0000000000010694                ioctl
                0x00000000000106a0                printf
                0x00000000000106ac                vsprintf
                0x00000000000106b8                pthread_create
                0x00000000000106c4                snprintf
                0x00000000000106d0                usleep
                0x00000000000106dc                fflush
                0x00000000000106e8                lseek
                0x00000000000106f4                abort
                0x0000000000010700                nanosleep
                0x000000000001070c                fprintf
                0x0000000000010724                pthread_kill
                0x0000000000010730                read
                0x000000000001073c                __uClibc_main
                0x0000000000010748                fopen
                0x0000000000010754                memset
                0x0000000000010760                fclose
                0x000000000001076c                poll
                0x0000000000010778                strcmp
                0x0000000000010784                __errno_location
                0x0000000000010790                exit
                0x000000000001079c                atoi
                0x00000000000107a8                strlen
                0x00000000000107b4                open
                0x00000000000107cc                raise

.iplt           0x00000000000107d8        0x0
 *(.iplt)
 .iplt          0x00000000000107d8        0x0 /home/aj/lorawan-balloon/tools/linux/toolchain/arm-rockchip830-linux-uclibcgnueabihf/bin/../arm-rockchip830-linux-uclibcgnueabihf/sysroot/usr/lib/crt1.o

.text           0x00000000000107d8     0x6ea8
 *(.text.unlikely .text.*_unlikely .text.unlikely.*)
 *(.text.exit .text.exit.*)
 *(.text.startup .text.startup.*)
 .text.startup.main
                0x00000000000107d8       0x10 build_sx1276_linux/main.o
                0x00000000000107d8                main
 *(.text.hot .text.hot.*)
 *(.text .stub .text.* .gnu.linkonce.t.*)
 .text          0x00000000000107e8       0x3c /home/aj/lorawan-balloon/tools/linux/toolchain/arm-rockchip830-linux-uclibcgnueabihf/bin/../arm-rockchip830-linux-uclibcgnueabihf/sysroot/usr/lib/crt1.o
                0x00000000000107e8                _start
 .text          0x0000000000010824       0xdc /home/aj/lorawan-balloon/tools/linux/toolchain/arm-rockchip830-linux-uclibcgnueabihf/bin/../lib/gcc/arm-rockchip830-linux-uclibcgnueabihf/8.3.0/crtbegin.o
 .text.main_porting_tests
                0x0000000000010900       0x84 build_sx1276_linux/main_porting_tests.o
                0x0000000000010900                main_porting_tests
 .text.hal_spi_init
                0x0000000000010984       0x58 build_sx1276_linux/smtc_hal_spi.o
                0x0000000000010984                hal_spi_init
 .text.hal_spi_in_out
                0x00000000000109dc       0x54 build_sx1276_linux/smtc_hal_spi.o
                0x00000000000109dc                hal_spi_in_out
 .text.hal_trace_print
                0x0000000000010a30       0x3c build_sx1276_linux/smtc_hal_trace.o
                0x0000000000010a30                hal_trace_print
 .text.hal_trace_print_var
                0x0000000000010a6c       0x28 build_sx1276_linux/smtc_hal_trace.o
                0x0000000000010a6c                hal_trace_print_var
 .text.trace_uart_init
                0x0000000000010a94        0x4 build_sx1276_linux/smtc_hal_uart.o
                0x0000000000010a94                trace_uart_init
 .text.trace_uart_tx
                0x0000000000010a98       0x10 build_sx1276_linux/smtc_hal_uart.o
                0x0000000000010a98                trace_uart_tx
 .text.hal_watchdog_init
                0x0000000000010aa8        0x4 build_sx1276_linux/smtc_hal_watchdog.o
                0x0000000000010aa8                hal_watchdog_init
 .text.spi_open
                0x0000000000010aac       0xd4 build_sx1276_linux/spidev_lib.o
                0x0000000000010aac                spi_open
 .text.spi_xfer
                0x0000000000010b80       0x5c build_sx1276_linux/spidev_lib.o
                0x0000000000010b80                spi_xfer
 .text.hal_lp_timer_init
                0x0000000000010bdc        0x4 build_sx1276_linux/smtc_hal_lp_timer.o
                0x0000000000010bdc                hal_lp_timer_init
 .text.msleep   0x0000000000010be0       0x80 build_sx1276_linux/smtc_hal_lp_timer.o
                0x0000000000010be0                msleep
 .text.hal_lp_timer_start_thread
                0x0000000000010c60       0x3c build_sx1276_linux/smtc_hal_lp_timer.o
                0x0000000000010c60                hal_lp_timer_start_thread
 .text.hal_lp_timer_start
                0x0000000000010c9c       0x78 build_sx1276_linux/smtc_hal_lp_timer.o
                0x0000000000010c9c                hal_lp_timer_start
 .text.hal_lp_timer_stop
                0x0000000000010d14       0x30 build_sx1276_linux/smtc_hal_lp_timer.o
                0x0000000000010d14                hal_lp_timer_stop
 .text.irq_handler
                0x0000000000010d44      0x104 build_sx1276_linux/smtc_hal_gpio.o
                0x0000000000010d44                irq_handler
 .text.hal_gpio_init_in
                0x0000000000010e48      0x1b8 build_sx1276_linux/smtc_hal_gpio.o
                0x0000000000010e48                hal_gpio_init_in
 .text.hal_gpio_init_out
                0x0000000000011000       0xb8 build_sx1276_linux/smtc_hal_gpio.o
                0x0000000000011000                hal_gpio_init_out
 .text.hal_gpio_irq_attach
                0x00000000000110b8       0x34 build_sx1276_linux/smtc_hal_gpio.o
                0x00000000000110b8                hal_gpio_irq_attach
 .text.hal_gpio_set_value
                0x00000000000110ec       0x94 build_sx1276_linux/smtc_hal_gpio.o
                0x00000000000110ec                hal_gpio_set_value
 .text.hal_gpio_get_value
                0x0000000000011180       0x68 build_sx1276_linux/smtc_hal_gpio.o
                0x0000000000011180                hal_gpio_get_value
 .text.hal_rtc_init
                0x00000000000111e8        0x4 build_sx1276_linux/smtc_hal_rtc.o
                0x00000000000111e8                hal_rtc_init
 .text.hal_mcu_wait_us
                0x00000000000111ec       0x28 build_sx1276_linux/smtc_hal_mcu.o
                0x00000000000111ec                hal_mcu_wait_us
 .text.mcu_gpio_init
                0x0000000000011214       0x44 build_sx1276_linux/smtc_hal_mcu.o
 .text.hal_mcu_critical_section_begin
                0x0000000000011258        0x4 build_sx1276_linux/smtc_hal_mcu.o
                0x0000000000011258                hal_mcu_critical_section_begin
 .text.hal_mcu_critical_section_end
                0x000000000001125c        0x4 build_sx1276_linux/smtc_hal_mcu.o
                0x000000000001125c                hal_mcu_critical_section_end
 .text.hal_mcu_disable_irq
                0x0000000000011260        0x4 build_sx1276_linux/smtc_hal_mcu.o
                0x0000000000011260                hal_mcu_disable_irq
 .text.hal_mcu_enable_irq
                0x0000000000011264        0x4 build_sx1276_linux/smtc_hal_mcu.o
                0x0000000000011264                hal_mcu_enable_irq
 .text.hal_mcu_init
                0x0000000000011268       0x3c build_sx1276_linux/smtc_hal_mcu.o
                0x0000000000011268                hal_mcu_init
 .text.sx127x_hal_get_radio_id
                0x00000000000112a4        0x8 build_sx1276_linux/sx127x_hal.o
                0x00000000000112a4                sx127x_hal_get_radio_id
 .text.sx127x_hal_dio_irq_attach
                0x00000000000112ac       0x6c build_sx1276_linux/sx127x_hal.o
                0x00000000000112ac                sx127x_hal_dio_irq_attach
 .text.sx127x_hal_write
                0x0000000000011318       0x6c build_sx1276_linux/sx127x_hal.o
                0x0000000000011318                sx127x_hal_write
 .text.sx127x_hal_read
                0x0000000000011384       0x70 build_sx1276_linux/sx127x_hal.o
                0x0000000000011384                sx127x_hal_read
 .text.sx127x_hal_reset
                0x00000000000113f4       0x38 build_sx1276_linux/sx127x_hal.o
                0x00000000000113f4                sx127x_hal_reset
 .text.sx127x_hal_get_dio_1_pin_state
                0x000000000001142c        0x8 build_sx1276_linux/sx127x_hal.o
                0x000000000001142c                sx127x_hal_get_dio_1_pin_state
 .text.sx127x_hal_timer_start
                0x0000000000011434       0x34 build_sx1276_linux/sx127x_hal.o
                0x0000000000011434                sx127x_hal_timer_start
 .text.sx127x_hal_timer_stop
                0x0000000000011468       0x20 build_sx1276_linux/sx127x_hal.o
                0x0000000000011468                sx127x_hal_timer_stop
 .text.sx127x_hal_timer_is_started
                0x0000000000011488       0x10 build_sx1276_linux/sx127x_hal.o
                0x0000000000011488                sx127x_hal_timer_is_started
 .text.ral_sx127x_bsp_get_tx_cfg
                0x0000000000011498       0x60 build_sx1276_linux/ral_sx127x_bsp.o
                0x0000000000011498                ral_sx127x_bsp_get_tx_cfg
 .text.ral_sx127x_bsp_get_ocp_value
                0x00000000000114f8        0x4 build_sx1276_linux/ral_sx127x_bsp.o
                0x00000000000114f8                ral_sx127x_bsp_get_ocp_value
 .text.radio_utilities_get_tx_power_offset
                0x00000000000114fc       0x10 build_sx1276_linux/radio_utilities.o
                0x00000000000114fc                radio_utilities_get_tx_power_offset
 .text          0x000000000001150c     0x45bc ../lbm_lib/./build/basic_modem.a(sx127x.o)
                0x000000000001150c                sx127x_init
                0x00000000000115a4                sx127x_irq_attach
                0x00000000000115e4                sx127x_set_sleep
                0x0000000000011640                sx127x_set_standby
                0x000000000001169c                sx127x_set_fs_tx
                0x00000000000116f8                sx127x_set_fs_rx
                0x0000000000011754                sx127x_set_tx
                0x0000000000011864                sx127x_set_rx
                0x0000000000011b14                sx127x_set_cad
                0x0000000000011bb4                sx127x_set_tx_cw
                0x0000000000011cc4                sx127x_cal_img
                0x0000000000011e48                sx127x_set_pa_cfg
                0x0000000000011e84                sx127x_write_register
                0x0000000000011ed4                sx127x_read_register
                0x0000000000011f24                sx127x_write_buffer
                0x0000000000012168                sx127x_read_buffer
                0x00000000000121f4                sx127x_set_irq_mask
                0x0000000000012368                sx127x_get_irq_status
                0x00000000000123b4                sx127x_clear_irq_status
                0x000000000001240c                sx127x_get_and_clear_irq_status
                0x000000000001247c                sx127x_set_rf_freq
                0x000000000001251c                sx127x_set_pkt_type
                0x0000000000012764                sx127x_get_pkt_type
                0x0000000000012838                sx127x_set_tx_params
                0x00000000000128ac                sx127x_set_gfsk_mod_params
                0x0000000000012cc0                sx127x_set_lora_mod_params
                0x0000000000012d24                sx127x_set_gfsk_pkt_params
                0x00000000000130d8                sx127x_set_lora_pkt_params
                0x00000000000132e0                sx127x_set_lora_sync_timeout
                0x00000000000133b8                sx127x_get_rx_buffer_status
                0x0000000000013420                sx127x_get_gfsk_pkt_status
                0x000000000001347c                sx127x_get_lora_pkt_status
                0x0000000000013618                sx127x_get_rssi_inst
                0x0000000000013718                sx127x_reset
                0x0000000000013740                sx127x_get_gfsk_bw_param
                0x00000000000137f0                sx127x_get_lora_bw_in_hz
                0x00000000000138a8                sx127x_get_lora_time_on_air_numerator
                0x0000000000013a38                sx127x_get_lora_time_on_air_in_ms
                0x0000000000013aa8                sx127x_get_gfsk_time_on_air_numerator
                0x0000000000013b50                sx127x_get_gfsk_time_on_air_in_ms
                0x0000000000013bb4                sx127x_get_random_numbers
                0x0000000000013ce8                sx127x_convert_freq_in_hz_to_pll_step
                0x0000000000013d64                sx127x_tx_timeout_irq_workaround
                0x0000000000013e3c                sx127x_set_gfsk_sync_word
                0x0000000000013ea4                sx127x_set_lora_sync_word
                0x0000000000013f00                sx127x_set_ocp_value
                0x0000000000013f78                sx127x_get_lora_params_from_header
 .text          0x0000000000015ac8     0x19e4 ../lbm_lib/./build/basic_modem.a(ral_sx127x.o)
                0x0000000000015ac8                ral_sx127x_handles_part
                0x0000000000015ba0                ral_sx127x_reset
                0x0000000000015bc8                ral_sx127x_init
                0x0000000000015bf0                ral_sx127x_wakeup
                0x0000000000015c14                ral_sx127x_set_sleep
                0x0000000000015c44                ral_sx127x_set_standby
                0x0000000000015c70                ral_sx127x_set_fs
                0x0000000000015c94                ral_sx127x_set_tx
                0x0000000000015cbc                ral_sx127x_set_rx
                0x0000000000015d10                ral_sx127x_cfg_rx_boosted
                0x0000000000015d3c                ral_sx127x_set_rx_tx_fallback_mode
                0x0000000000015d64                ral_sx127x_stop_timer_on_preamble
                0x0000000000015d90                ral_sx127x_set_rx_duty_cycle
                0x0000000000015dbc                ral_sx127x_set_lora_cad
                0x0000000000015de4                ral_sx127x_set_tx_cw
                0x0000000000015e30                ral_sx127x_set_tx_infinite_preamble
                0x0000000000015e54                ral_sx127x_cal_img
                0x0000000000015ea0                ral_sx127x_set_tx_cfg
                0x0000000000015f90                ral_sx127x_set_pkt_payload
                0x0000000000015fd4                ral_sx127x_get_pkt_payload
                0x0000000000016090                ral_sx127x_get_irq_status
                0x0000000000016108                ral_sx127x_clear_irq_status
                0x0000000000016154                ral_sx127x_get_and_clear_irq_status
                0x00000000000161d8                ral_sx127x_set_dio_irq_params
                0x0000000000016224                ral_sx127x_set_rf_freq
                0x0000000000016254                ral_sx127x_set_pkt_type
                0x00000000000162cc                ral_sx127x_get_pkt_type
                0x0000000000016364                ral_sx127x_set_gfsk_mod_params
                0x00000000000163d8                ral_sx127x_set_gfsk_pkt_params
                0x0000000000016458                ral_sx127x_set_lora_mod_params
                0x00000000000164cc                ral_sx127x_set_lora_pkt_params
                0x0000000000016544                ral_sx127x_set_lora_cad_params
                0x000000000001656c                ral_sx127x_set_lora_symb_nb_timeout
                0x00000000000165a4                ral_sx127x_set_flrc_mod_params
                0x00000000000165cc                ral_sx127x_set_flrc_pkt_params
                0x00000000000165f4                ral_sx127x_get_gfsk_rx_pkt_status
                0x0000000000016688                ral_sx127x_get_lora_rx_pkt_status
                0x000000000001671c                ral_sx127x_get_flrc_rx_pkt_status
                0x0000000000016744                ral_sx127x_get_rssi_inst
                0x0000000000016774                ral_sx127x_get_lora_time_on_air_in_ms
                0x00000000000167e8                ral_sx127x_get_gfsk_time_on_air_in_ms
                0x0000000000016864                ral_sx127x_get_flrc_time_on_air_in_ms
                0x000000000001688c                ral_sx127x_set_gfsk_sync_word
                0x00000000000168cc                ral_sx127x_set_lora_sync_word
                0x0000000000016904                ral_sx127x_set_flrc_sync_word
                0x0000000000016934                ral_sx127x_set_gfsk_crc_params
                0x0000000000016968                ral_sx127x_set_flrc_crc_params
                0x0000000000016990                ral_sx127x_set_gfsk_whitening_seed
                0x00000000000169bc                ral_sx127x_lr_fhss_init
                0x00000000000169e4                ral_sx127x_lr_fhss_build_frame
                0x0000000000016a14                ral_sx127x_lr_fhss_handle_hop
                0x0000000000016a40                ral_sx127x_lr_fhss_handle_tx_done
                0x0000000000016a6c                ral_sx127x_lr_fhss_get_time_on_air_in_ms
                0x0000000000016aa0                ral_sx127x_lr_fhss_get_hop_sequence_count
                0x0000000000016acc                ral_sx127x_lr_fhss_get_bit_delay_in_us
                0x0000000000016b00                ral_sx127x_get_lora_rx_pkt_cr_crc
                0x0000000000016b84                ral_sx127x_get_tx_consumption_in_ua
                0x0000000000016bb8                ral_sx127x_get_gfsk_rx_consumption_in_ua
                0x0000000000016be8                ral_sx127x_get_lora_rx_consumption_in_ua
                0x0000000000016c1c                ral_sx127x_get_random_numbers
                0x0000000000016c54                ral_sx127x_handle_rx_done
                0x0000000000016c78                ral_sx127x_handle_tx_done
                0x0000000000016c9c                ral_sx127x_get_lora_cad_det_peak
 .text          0x00000000000174ac       0xc8 /home/aj/lorawan-balloon/tools/linux/toolchain/arm-rockchip830-linux-uclibcgnueabihf/bin/../lib/gcc/arm-rockchip830-linux-uclibcgnueabihf/8.3.0/libgcc.a(_udivsi3.o)
                0x00000000000174ac                __udivsi3
                0x00000000000174ac                __aeabi_uidiv
                0x0000000000017554                __aeabi_uidivmod
 .text          0x0000000000017574       0xfc /home/aj/lorawan-balloon/tools/linux/toolchain/arm-rockchip830-linux-uclibcgnueabihf/bin/../lib/gcc/arm-rockchip830-linux-uclibcgnueabihf/8.3.0/libgcc.a(_divsi3.o)
                0x0000000000017574                __aeabi_idiv
                0x0000000000017574                __divsi3
                0x0000000000017650                __aeabi_idivmod
 .text          0x0000000000017670       0x10 /home/aj/lorawan-balloon/tools/linux/toolchain/arm-rockchip830-linux-uclibcgnueabihf/bin/../lib/gcc/arm-rockchip830-linux-uclibcgnueabihf/8.3.0/libgcc.a(_dvmd_lnx.o)
                0x0000000000017670                __aeabi_ldiv0
                0x0000000000017670                __aeabi_idiv0
 *(.gnu.warning)
 *(.glue_7t)
 .glue_7t       0x0000000000017680        0x0 linker stubs
 *(.glue_7)
 .glue_7        0x0000000000017680        0x0 linker stubs
 *(.vfp11_veneer)
 .vfp11_veneer  0x0000000000017680        0x0 linker stubs
 *(.v4_bx)
 .v4_bx         0x0000000000017680        0x0 linker stubs

.fini           0x0000000000017680       0x10
 *(SORT_NONE(.fini))
 .fini          0x0000000000017680        0xc /home/aj/lorawan-balloon/tools/linux/toolchain/arm-rockchip830-linux-uclibcgnueabihf/bin/../arm-rockchip830-linux-uclibcgnueabihf/sysroot/usr/lib/crti.o
                0x0000000000017680                _fini
 .fini          0x000000000001768c        0x4 /home/aj/lorawan-balloon/tools/linux/toolchain/arm-rockchip830-linux-uclibcgnueabihf/bin/../arm-rockchip830-linux-uclibcgnueabihf/sysroot/usr/lib/crtn.o
                [!provide]                        PROVIDE (__etext = .)
                [!provide]                        PROVIDE (_etext = .)
                [!provide]                        PROVIDE (etext = .)

.rodata         0x0000000000017690      0x46b
 *(.rodata .rodata.* .gnu.linkonce.r.*)
 .rodata.main_porting_tests.str1.1
                0x0000000000017690       0x84 build_sx1276_linux/main_porting_tests.o
 .rodata.radio_rx_irq_callback.str1.1
                0x0000000000017714       0x65 build_sx1276_linux/main_porting_tests.o
 .rodata.hal_spi_in_out.str1.1
                0x0000000000017779       0x10 build_sx1276_linux/smtc_hal_spi.o
 .rodata.hal_spi_init.str1.1
                0x0000000000017789        0xf build_sx1276_linux/smtc_hal_spi.o
 .rodata.trace_uart_tx.str1.1
                0x0000000000017798        0x5 build_sx1276_linux/smtc_hal_uart.o
 .rodata.hal_lp_timer_start.str1.1
                0x000000000001779d       0x27 build_sx1276_linux/smtc_hal_lp_timer.o
 .rodata.hal_lp_timer_start_thread.str1.1
                0x00000000000177c4        0xa build_sx1276_linux/smtc_hal_lp_timer.o
 .rodata.hal_gpio_get_value.str1.1
                0x00000000000177ce       0x20 build_sx1276_linux/smtc_hal_gpio.o
 .rodata.hal_gpio_init_in.str1.1
                0x00000000000177ee      0x114 build_sx1276_linux/smtc_hal_gpio.o
                                        0x11b (size before relaxing)
 .rodata.hal_gpio_init_out.str1.1
                0x0000000000017902        0x4 build_sx1276_linux/smtc_hal_gpio.o
 .rodata.hal_gpio_set_value.str1.1
                0x0000000000017906       0x2e build_sx1276_linux/smtc_hal_gpio.o
 .rodata.irq_handler.str1.1
                0x0000000000017934       0x75 build_sx1276_linux/smtc_hal_gpio.o
                                         0x7a (size before relaxing)
 *fill*         0x00000000000179a9        0x3 
 .rodata        0x00000000000179ac      0x120 ../lbm_lib/./build/basic_modem.a(sx127x.o)
 .rodata        0x0000000000017acc       0x2f ../lbm_lib/./build/basic_modem.a(ral_sx127x.o)

.rodata1
 *(.rodata1)

.ARM.extab
 *(.ARM.extab* .gnu.linkonce.armextab.*)
                [!provide]                        PROVIDE (__exidx_start = .)

.ARM.exidx
 *(.ARM.exidx* .gnu.linkonce.armexidx.*)
                [!provide]                        PROVIDE (__exidx_end = .)

.eh_frame_hdr
 *(.eh_frame_hdr)
 *(.eh_frame_entry .eh_frame_entry.*)

.eh_frame       0x0000000000017afc        0x4
 *(.eh_frame)
 .eh_frame      0x0000000000017afc        0x0 /home/aj/lorawan-balloon/tools/linux/toolchain/arm-rockchip830-linux-uclibcgnueabihf/bin/../lib/gcc/arm-rockchip830-linux-uclibcgnueabihf/8.3.0/crtbegin.o
 .eh_frame      0x0000000000017afc        0x4 /home/aj/lorawan-balloon/tools/linux/toolchain/arm-rockchip830-linux-uclibcgnueabihf/bin/../lib/gcc/arm-rockchip830-linux-uclibcgnueabihf/8.3.0/crtend.o
 *(.eh_frame.*)

.gcc_except_table
 *(.gcc_except_table .gcc_except_table.*)

.gnu_extab
 *(.gnu_extab*)

.exception_ranges
 *(.exception_ranges*)
                0x0000000000027f20                . = DATA_SEGMENT_ALIGN (CONSTANT (MAXPAGESIZE), CONSTANT (COMMONPAGESIZE))

.eh_frame
 *(.eh_frame)
 *(.eh_frame.*)

.gnu_extab
 *(.gnu_extab)

.gcc_except_table
 *(.gcc_except_table .gcc_except_table.*)

.exception_ranges
 *(.exception_ranges*)

.tdata          0x0000000000027f20        0x0
                [!provide]                        PROVIDE (__tdata_start = .)
 *(.tdata .tdata.* .gnu.linkonce.td.*)

.tbss
 *(.tbss .tbss.* .gnu.linkonce.tb.*)
 *(.tcommon)

.preinit_array  0x0000000000027f20        0x0
                [!provide]                        PROVIDE (__preinit_array_start = .)
 *(.preinit_array)
                [!provide]                        PROVIDE (__preinit_array_end = .)

.init_array     0x0000000000027f20        0x4
                [!provide]                        PROVIDE (__init_array_start = .)
 *(SORT_BY_INIT_PRIORITY(.init_array.*) SORT_BY_INIT_PRIORITY(.ctors.*))
 *(.init_array EXCLUDE_FILE(*crtend?.o *crtend.o *crtbegin?.o *crtbegin.o) .ctors)
 .init_array    0x0000000000027f20        0x4 /home/aj/lorawan-balloon/tools/linux/toolchain/arm-rockchip830-linux-uclibcgnueabihf/bin/../lib/gcc/arm-rockchip830-linux-uclibcgnueabihf/8.3.0/crtbegin.o
                [!provide]                        PROVIDE (__init_array_end = .)

.fini_array     0x0000000000027f24        0x4
                [!provide]                        PROVIDE (__fini_array_start = .)
 *(SORT_BY_INIT_PRIORITY(.fini_array.*) SORT_BY_INIT_PRIORITY(.dtors.*))
 *(.fini_array EXCLUDE_FILE(*crtend?.o *crtend.o *crtbegin?.o *crtbegin.o) .dtors)
 .fini_array    0x0000000000027f24        0x4 /home/aj/lorawan-balloon/tools/linux/toolchain/arm-rockchip830-linux-uclibcgnueabihf/bin/../lib/gcc/arm-rockchip830-linux-uclibcgnueabihf/8.3.0/crtbegin.o
                [!provide]                        PROVIDE (__fini_array_end = .)

.ctors
 *crtbegin.o(.ctors)
 *crtbegin?.o(.ctors)
 *(EXCLUDE_FILE(*crtend?.o *crtend.o) .ctors)
 *(SORT_BY_NAME(.ctors.*))
 *(.ctors)

.dtors
 *crtbegin.o(.dtors)
 *crtbegin?.o(.dtors)
 *(EXCLUDE_FILE(*crtend?.o *crtend.o) .dtors)
 *(SORT_BY_NAME(.dtors.*))
 *(.dtors)

.jcr
 *(.jcr)

.data.rel.ro    0x0000000000027f28        0x0
 *(.data.rel.ro.local* .gnu.linkonce.d.rel.ro.local.*)
 *(.data.rel.ro .data.rel.ro.* .gnu.linkonce.d.rel.ro.*)
 .data.rel.ro   0x0000000000027f28        0x0 /home/aj/lorawan-balloon/tools/linux/toolchain/arm-rockchip830-linux-uclibcgnueabihf/bin/../arm-rockchip830-linux-uclibcgnueabihf/sysroot/usr/lib/crt1.o

.dynamic        0x0000000000027f28       0xd8
 *(.dynamic)
 .dynamic       0x0000000000027f28       0xd8 /home/aj/lorawan-balloon/tools/linux/toolchain/arm-rockchip830-linux-uclibcgnueabihf/bin/../arm-rockchip830-linux-uclibcgnueabihf/sysroot/usr/lib/crt1.o
                0x0000000000027f28                _DYNAMIC
                0x0000000000028000                . = DATA_SEGMENT_RELRO_END (., 0x0)

.got            0x0000000000028000       0x78
 *(.got.plt)
 .got.plt       0x0000000000028000       0x78 /home/aj/lorawan-balloon/tools/linux/toolchain/arm-rockchip830-linux-uclibcgnueabihf/bin/../arm-rockchip830-linux-uclibcgnueabihf/sysroot/usr/lib/crt1.o
                0x0000000000028000                _GLOBAL_OFFSET_TABLE_
 *(.igot.plt)
 .igot.plt      0x0000000000028078        0x0 /home/aj/lorawan-balloon/tools/linux/toolchain/arm-rockchip830-linux-uclibcgnueabihf/bin/../arm-rockchip830-linux-uclibcgnueabihf/sysroot/usr/lib/crt1.o
 *(.got)
 .got           0x0000000000028078        0x0 /home/aj/lorawan-balloon/tools/linux/toolchain/arm-rockchip830-linux-uclibcgnueabihf/bin/../arm-rockchip830-linux-uclibcgnueabihf/sysroot/usr/lib/crt1.o
 *(.igot)

.data           0x0000000000028078       0x14
                [!provide]                        PROVIDE (__data_start = .)
 *(.data .data.* .gnu.linkonce.d.*)
 .data.spi_periph
                0x0000000000028078       0x14 build_sx1276_linux/smtc_hal_spi.o

.tm_clone_table
                0x000000000002808c        0x0
 .tm_clone_table
                0x000000000002808c        0x0 /home/aj/lorawan-balloon/tools/linux/toolchain/arm-rockchip830-linux-uclibcgnueabihf/bin/../lib/gcc/arm-rockchip830-linux-uclibcgnueabihf/8.3.0/crtbegin.o
 .tm_clone_table
                0x000000000002808c        0x0 /home/aj/lorawan-balloon/tools/linux/toolchain/arm-rockchip830-linux-uclibcgnueabihf/bin/../lib/gcc/arm-rockchip830-linux-uclibcgnueabihf/8.3.0/crtend.o

.data1
 *(.data1)
                0x000000000002808c                _edata = .
                [!provide]                        PROVIDE (edata = .)
                0x000000000002808c                . = .
                0x000000000002808c                __bss_start = .
                0x000000000002808c                __bss_start__ = .

.bss            0x000000000002808c      0x5fc
 *(.dynbss)
 .dynbss        0x000000000002808c        0x4 /home/aj/lorawan-balloon/tools/linux/toolchain/arm-rockchip830-linux-uclibcgnueabihf/bin/../arm-rockchip830-linux-uclibcgnueabihf/sysroot/usr/lib/crt1.o
                0x000000000002808c                stdout
 *(.bss .bss.* .gnu.linkonce.b.*)
 .bss           0x0000000000028090       0x1c /home/aj/lorawan-balloon/tools/linux/toolchain/arm-rockchip830-linux-uclibcgnueabihf/bin/../lib/gcc/arm-rockchip830-linux-uclibcgnueabihf/8.3.0/crtbegin.o
 .bss.sx127x    0x00000000000280ac      0x19c build_sx1276_linux/main_porting_tests.o
 .bss.thread_running
                0x0000000000028248        0x2 build_sx1276_linux/smtc_hal_lp_timer.o
                0x0000000000028248                thread_running
 .bss.is_timer_started
                0x000000000002824a        0x1 build_sx1276_linux/sx127x_hal.o
 *fill*         0x000000000002824b        0x1 
 .bss.radio_dio_0_irq.6875
                0x000000000002824c        0xc build_sx1276_linux/sx127x_hal.o
 .bss.radio_dio_1_irq.6876
                0x0000000000028258        0xc build_sx1276_linux/sx127x_hal.o
 .bss.radio_dio_2_irq.6877
                0x0000000000028264        0xc build_sx1276_linux/sx127x_hal.o
 .bss.tmr_irq   0x0000000000028270        0xc build_sx1276_linux/sx127x_hal.o
 .bss.board_tx_pwr_offset_db
                0x000000000002827c        0x1 build_sx1276_linux/radio_utilities.o
 *(COMMON)
 *fill*         0x000000000002827d        0x3 
 COMMON         0x0000000000028280        0xc build_sx1276_linux/smtc_hal_spi.o
                0x0000000000028280                spi_config
 COMMON         0x000000000002828c      0x3fc build_sx1276_linux/smtc_hal_gpio.o
                0x000000000002828c                thread_id
                0x0000000000028688                . = ALIGN ((. != 0x0)?0x4:0x1)
                0x0000000000028688                _bss_end__ = .
                0x0000000000028688                __bss_end__ = .
                0x0000000000028688                . = ALIGN (0x4)
                0x0000000000028688                . = SEGMENT_START ("ldata-segment", .)
                0x0000000000028688                . = ALIGN (0x4)
                0x0000000000028688                __end__ = .
                0x0000000000028688                _end = .
                [!provide]                        PROVIDE (end = .)
                0x0000000000028688                . = DATA_SEGMENT_END (.)

.stab
 *(.stab)

.stabstr
 *(.stabstr)

.stab.excl
 *(.stab.excl)

.stab.exclstr
 *(.stab.exclstr)

.stab.index
 *(.stab.index)

.stab.indexstr
 *(.stab.indexstr)

.comment        0x0000000000000000       0x4f
 *(.comment)
 .comment       0x0000000000000000       0x2e /home/aj/lorawan-balloon/tools/linux/toolchain/arm-rockchip830-linux-uclibcgnueabihf/bin/../arm-rockchip830-linux-uclibcgnueabihf/sysroot/usr/lib/crti.o
                                         0x2f (size before relaxing)
 .comment       0x000000000000002e       0x21 /home/aj/lorawan-balloon/tools/linux/toolchain/arm-rockchip830-linux-uclibcgnueabihf/bin/../lib/gcc/arm-rockchip830-linux-uclibcgnueabihf/8.3.0/crtbegin.o
                                         0x22 (size before relaxing)
 .comment       0x000000000000004f       0x22 build_sx1276_linux/main.o
 .comment       0x000000000000004f       0x22 build_sx1276_linux/main_porting_tests.o
 .comment       0x000000000000004f       0x22 build_sx1276_linux/smtc_hal_spi.o
 .comment       0x000000000000004f       0x22 build_sx1276_linux/smtc_hal_trace.o
 .comment       0x000000000000004f       0x22 build_sx1276_linux/smtc_hal_uart.o
 .comment       0x000000000000004f       0x22 build_sx1276_linux/smtc_hal_watchdog.o
 .comment       0x000000000000004f       0x22 build_sx1276_linux/spidev_lib.o
 .comment       0x000000000000004f       0x22 build_sx1276_linux/smtc_hal_lp_timer.o
 .comment       0x000000000000004f       0x22 build_sx1276_linux/smtc_hal_gpio.o
 .comment       0x000000000000004f       0x22 build_sx1276_linux/smtc_hal_rtc.o
 .comment       0x000000000000004f       0x22 build_sx1276_linux/smtc_hal_mcu.o
 .comment       0x000000000000004f       0x22 build_sx1276_linux/sx127x_hal.o
 .comment       0x000000000000004f       0x22 build_sx1276_linux/ral_sx127x_bsp.o
 .comment       0x000000000000004f       0x22 build_sx1276_linux/radio_utilities.o
 .comment       0x000000000000004f       0x22 ../lbm_lib/./build/basic_modem.a(sx127x.o)
 .comment       0x000000000000004f       0x22 ../lbm_lib/./build/basic_modem.a(ral_sx127x.o)
 .comment       0x000000000000004f       0x22 /home/aj/lorawan-balloon/tools/linux/toolchain/arm-rockchip830-linux-uclibcgnueabihf/bin/../lib/gcc/arm-rockchip830-linux-uclibcgnueabihf/8.3.0/crtend.o
 .comment       0x000000000000004f       0x2f /home/aj/lorawan-balloon/tools/linux/toolchain/arm-rockchip830-linux-uclibcgnueabihf/bin/../arm-rockchip830-linux-uclibcgnueabihf/sysroot/usr/lib/crtn.o

.ARM.attributes
                0x0000000000000000       0x31
 .ARM.attributes
                0x0000000000000000       0x21 /home/aj/lorawan-balloon/tools/linux/toolchain/arm-rockchip830-linux-uclibcgnueabihf/bin/../arm-rockchip830-linux-uclibcgnueabihf/sysroot/usr/lib/crt1.o
 .ARM.attributes
                0x0000000000000021       0x21 /home/aj/lorawan-balloon/tools/linux/toolchain/arm-rockchip830-linux-uclibcgnueabihf/bin/../arm-rockchip830-linux-uclibcgnueabihf/sysroot/usr/lib/crti.o
 .ARM.attributes
                0x0000000000000042       0x35 /home/aj/lorawan-balloon/tools/linux/toolchain/arm-rockchip830-linux-uclibcgnueabihf/bin/../lib/gcc/arm-rockchip830-linux-uclibcgnueabihf/8.3.0/crtbegin.o
 .ARM.attributes
                0x0000000000000077       0x31 build_sx1276_linux/main.o
 .ARM.attributes
                0x00000000000000a8       0x31 build_sx1276_linux/main_porting_tests.o
 .ARM.attributes
                0x00000000000000d9       0x31 build_sx1276_linux/smtc_hal_spi.o
 .ARM.attributes
                0x000000000000010a       0x31 build_sx1276_linux/smtc_hal_trace.o
 .ARM.attributes
                0x000000000000013b       0x31 build_sx1276_linux/smtc_hal_uart.o
 .ARM.attributes
                0x000000000000016c       0x31 build_sx1276_linux/smtc_hal_watchdog.o
 .ARM.attributes
                0x000000000000019d       0x31 build_sx1276_linux/spidev_lib.o
 .ARM.attributes
                0x00000000000001ce       0x31 build_sx1276_linux/smtc_hal_lp_timer.o
 .ARM.attributes
                0x00000000000001ff       0x31 build_sx1276_linux/smtc_hal_gpio.o
 .ARM.attributes
                0x0000000000000230       0x31 build_sx1276_linux/smtc_hal_rtc.o
 .ARM.attributes
                0x0000000000000261       0x31 build_sx1276_linux/smtc_hal_mcu.o
 .ARM.attributes
                0x0000000000000292       0x31 build_sx1276_linux/sx127x_hal.o
 .ARM.attributes
                0x00000000000002c3       0x31 build_sx1276_linux/ral_sx127x_bsp.o
 .ARM.attributes
                0x00000000000002f4       0x31 build_sx1276_linux/radio_utilities.o
 .ARM.attributes
                0x0000000000000325       0x35 ../lbm_lib/./build/basic_modem.a(sx127x.o)
 .ARM.attributes
                0x000000000000035a       0x35 ../lbm_lib/./build/basic_modem.a(ral_sx127x.o)
 .ARM.attributes
                0x000000000000038f       0x23 /home/aj/lorawan-balloon/tools/linux/toolchain/arm-rockchip830-linux-uclibcgnueabihf/bin/../lib/gcc/arm-rockchip830-linux-uclibcgnueabihf/8.3.0/libgcc.a(_udivsi3.o)
 .ARM.attributes
                0x00000000000003b2       0x23 /home/aj/lorawan-balloon/tools/linux/toolchain/arm-rockchip830-linux-uclibcgnueabihf/bin/../lib/gcc/arm-rockchip830-linux-uclibcgnueabihf/8.3.0/libgcc.a(_divsi3.o)
 .ARM.attributes
                0x00000000000003d5       0x23 /home/aj/lorawan-balloon/tools/linux/toolchain/arm-rockchip830-linux-uclibcgnueabihf/bin/../lib/gcc/arm-rockchip830-linux-uclibcgnueabihf/8.3.0/libgcc.a(_dvmd_lnx.o)
 .ARM.attributes
                0x00000000000003f8       0x35 /home/aj/lorawan-balloon/tools/linux/toolchain/arm-rockchip830-linux-uclibcgnueabihf/bin/../lib/gcc/arm-rockchip830-linux-uclibcgnueabihf/8.3.0/crtend.o
 .ARM.attributes
                0x000000000000042d       0x21 /home/aj/lorawan-balloon/tools/linux/toolchain/arm-rockchip830-linux-uclibcgnueabihf/bin/../arm-rockchip830-linux-uclibcgnueabihf/sysroot/usr/lib/crtn.o

.gnu.build.attributes
 *(.gnu.build.attributes .gnu.build.attributes.*)

.debug
 *(.debug)

.line
 *(.line)

.debug_srcinfo
 *(.debug_srcinfo)

.debug_sfnames
 *(.debug_sfnames)

.debug_aranges  0x0000000000000000       0x60
 *(.debug_aranges)
 .debug_aranges
                0x0000000000000000       0x20 /home/aj/lorawan-balloon/tools/linux/toolchain/arm-rockchip830-linux-uclibcgnueabihf/bin/../lib/gcc/arm-rockchip830-linux-uclibcgnueabihf/8.3.0/libgcc.a(_udivsi3.o)
 .debug_aranges
                0x0000000000000020       0x20 /home/aj/lorawan-balloon/tools/linux/toolchain/arm-rockchip830-linux-uclibcgnueabihf/bin/../lib/gcc/arm-rockchip830-linux-uclibcgnueabihf/8.3.0/libgcc.a(_divsi3.o)
 .debug_aranges
                0x0000000000000040       0x20 /home/aj/lorawan-balloon/tools/linux/toolchain/arm-rockchip830-linux-uclibcgnueabihf/bin/../lib/gcc/arm-rockchip830-linux-uclibcgnueabihf/8.3.0/libgcc.a(_dvmd_lnx.o)

.debug_pubnames
 *(.debug_pubnames)

.debug_info     0x0000000000000000       0x72
 *(.debug_info .gnu.linkonce.wi.*)
 .debug_info    0x0000000000000000       0x26 /home/aj/lorawan-balloon/tools/linux/toolchain/arm-rockchip830-linux-uclibcgnueabihf/bin/../lib/gcc/arm-rockchip830-linux-uclibcgnueabihf/8.3.0/libgcc.a(_udivsi3.o)
 .debug_info    0x0000000000000026       0x26 /home/aj/lorawan-balloon/tools/linux/toolchain/arm-rockchip830-linux-uclibcgnueabihf/bin/../lib/gcc/arm-rockchip830-linux-uclibcgnueabihf/8.3.0/libgcc.a(_divsi3.o)
 .debug_info    0x000000000000004c       0x26 /home/aj/lorawan-balloon/tools/linux/toolchain/arm-rockchip830-linux-uclibcgnueabihf/bin/../lib/gcc/arm-rockchip830-linux-uclibcgnueabihf/8.3.0/libgcc.a(_dvmd_lnx.o)

.debug_abbrev   0x0000000000000000       0x3c
 *(.debug_abbrev)
 .debug_abbrev  0x0000000000000000       0x14 /home/aj/lorawan-balloon/tools/linux/toolchain/arm-rockchip830-linux-uclibcgnueabihf/bin/../lib/gcc/arm-rockchip830-linux-uclibcgnueabihf/8.3.0/libgcc.a(_udivsi3.o)
 .debug_abbrev  0x0000000000000014       0x14 /home/aj/lorawan-balloon/tools/linux/toolchain/arm-rockchip830-linux-uclibcgnueabihf/bin/../lib/gcc/arm-rockchip830-linux-uclibcgnueabihf/8.3.0/libgcc.a(_divsi3.o)
 .debug_abbrev  0x0000000000000028       0x14 /home/aj/lorawan-balloon/tools/linux/toolchain/arm-rockchip830-linux-uclibcgnueabihf/bin/../lib/gcc/arm-rockchip830-linux-uclibcgnueabihf/8.3.0/libgcc.a(_dvmd_lnx.o)

.debug_line     0x0000000000000000      0x1e1
 *(.debug_line .debug_line.* .debug_line_end)
 .debug_line    0x0000000000000000       0xa4 /home/aj/lorawan-balloon/tools/linux/toolchain/arm-rockchip830-linux-uclibcgnueabihf/bin/../lib/gcc/arm-rockchip830-linux-uclibcgnueabihf/8.3.0/libgcc.a(_udivsi3.o)
 .debug_line    0x00000000000000a4       0xb0 /home/aj/lorawan-balloon/tools/linux/toolchain/arm-rockchip830-linux-uclibcgnueabihf/bin/../lib/gcc/arm-rockchip830-linux-uclibcgnueabihf/8.3.0/libgcc.a(_divsi3.o)
 .debug_line    0x0000000000000154       0x8d /home/aj/lorawan-balloon/tools/linux/toolchain/arm-rockchip830-linux-uclibcgnueabihf/bin/../lib/gcc/arm-rockchip830-linux-uclibcgnueabihf/8.3.0/libgcc.a(_dvmd_lnx.o)

.debug_frame    0x0000000000000000       0x68
 *(.debug_frame)
 .debug_frame   0x0000000000000000       0x20 /home/aj/lorawan-balloon/tools/linux/toolchain/arm-rockchip830-linux-uclibcgnueabihf/bin/../lib/gcc/arm-rockchip830-linux-uclibcgnueabihf/8.3.0/libgcc.a(_udivsi3.o)
 .debug_frame   0x0000000000000020       0x20 /home/aj/lorawan-balloon/tools/linux/toolchain/arm-rockchip830-linux-uclibcgnueabihf/bin/../lib/gcc/arm-rockchip830-linux-uclibcgnueabihf/8.3.0/libgcc.a(_divsi3.o)
 .debug_frame   0x0000000000000040       0x28 /home/aj/lorawan-balloon/tools/linux/toolchain/arm-rockchip830-linux-uclibcgnueabihf/bin/../lib/gcc/arm-rockchip830-linux-uclibcgnueabihf/8.3.0/libgcc.a(_dvmd_lnx.o)

.debug_str      0x0000000000000000       0xdc
 *(.debug_str)
 .debug_str     0x0000000000000000       0xdc /home/aj/lorawan-balloon/tools/linux/toolchain/arm-rockchip830-linux-uclibcgnueabihf/bin/../lib/gcc/arm-rockchip830-linux-uclibcgnueabihf/8.3.0/libgcc.a(_udivsi3.o)
 .debug_str     0x00000000000000dc       0xdc /home/aj/lorawan-balloon/tools/linux/toolchain/arm-rockchip830-linux-uclibcgnueabihf/bin/../lib/gcc/arm-rockchip830-linux-uclibcgnueabihf/8.3.0/libgcc.a(_divsi3.o)
 .debug_str     0x00000000000000dc       0xdc /home/aj/lorawan-balloon/tools/linux/toolchain/arm-rockchip830-linux-uclibcgnueabihf/bin/../lib/gcc/arm-rockchip830-linux-uclibcgnueabihf/8.3.0/libgcc.a(_dvmd_lnx.o)

.debug_loc
 *(.debug_loc)

.debug_macinfo
 *(.debug_macinfo)

.debug_weaknames
 *(.debug_weaknames)

.debug_funcnames
 *(.debug_funcnames)

.debug_typenames
 *(.debug_typenames)

.debug_varnames
 *(.debug_varnames)

.debug_pubtypes
 *(.debug_pubtypes)

.debug_ranges
 *(.debug_ranges)

.debug_macro
 *(.debug_macro)

.debug_addr
 *(.debug_addr)

.gnu.attributes
 *(.gnu.attributes)

.note.gnu.arm.ident
 *(.note.gnu.arm.ident)

/DISCARD/
 *(.note.GNU-stack)
 *(.gnu_debuglink)
 *(.gnu.lto_*)
OUTPUT(build_sx1276_linux/app_sx1276.elf elf32-littlearm)

Cross Reference Table

Symbol                                            File
AES_CMAC_Final                                    ../lbm_lib/./build/basic_modem.a(cmac.o)
                                                  ../lbm_lib/./build/basic_modem.a(soft_se.o)
AES_CMAC_Init                                     ../lbm_lib/./build/basic_modem.a(cmac.o)
                                                  ../lbm_lib/./build/basic_modem.a(soft_se.o)
AES_CMAC_SetKey                                   ../lbm_lib/./build/basic_modem.a(cmac.o)
                                                  ../lbm_lib/./build/basic_modem.a(soft_se.o)
AES_CMAC_Update                                   ../lbm_lib/./build/basic_modem.a(cmac.o)
                                                  ../lbm_lib/./build/basic_modem.a(soft_se.o)
HAL_MspInit                                       build_sx1276_linux/smtc_hal_mcu.o
HardFault_Handler                                 build_sx1276_linux/smtc_hal_mcu.o
SMTC_ARE_CLR_BYTE16                               ../lbm_lib/./build/basic_modem.a(lr1mac_utilities.o)
SMTC_ARE_CLR_BYTE8                                ../lbm_lib/./build/basic_modem.a(lr1mac_utilities.o)
                                                  ../lbm_lib/./build/basic_modem.a(region_us_915.o)
                                                  ../lbm_lib/./build/basic_modem.a(region_ru_864.o)
                                                  ../lbm_lib/./build/basic_modem.a(region_kr_920.o)
                                                  ../lbm_lib/./build/basic_modem.a(region_in_865.o)
                                                  ../lbm_lib/./build/basic_modem.a(region_eu_868.o)
                                                  ../lbm_lib/./build/basic_modem.a(region_cn_470_rp_1_0.o)
                                                  ../lbm_lib/./build/basic_modem.a(region_cn_470.o)
                                                  ../lbm_lib/./build/basic_modem.a(region_au_915.o)
                                                  ../lbm_lib/./build/basic_modem.a(region_as_923.o)
SMTC_CLR_BIT16                                    ../lbm_lib/./build/basic_modem.a(lr1mac_utilities.o)
SMTC_CLR_BIT8                                     ../lbm_lib/./build/basic_modem.a(lr1mac_utilities.o)
SMTC_GET_BIT16                                    ../lbm_lib/./build/basic_modem.a(lr1mac_utilities.o)
                                                  ../lbm_lib/./build/basic_modem.a(region_us_915.o)
                                                  ../lbm_lib/./build/basic_modem.a(region_ru_864.o)
                                                  ../lbm_lib/./build/basic_modem.a(region_kr_920.o)
                                                  ../lbm_lib/./build/basic_modem.a(region_in_865.o)
                                                  ../lbm_lib/./build/basic_modem.a(region_eu_868.o)
                                                  ../lbm_lib/./build/basic_modem.a(region_cn_470_rp_1_0.o)
                                                  ../lbm_lib/./build/basic_modem.a(region_cn_470.o)
                                                  ../lbm_lib/./build/basic_modem.a(region_au_915.o)
                                                  ../lbm_lib/./build/basic_modem.a(region_as_923.o)
                                                  ../lbm_lib/./build/basic_modem.a(smtc_real.o)
SMTC_GET_BIT8                                     ../lbm_lib/./build/basic_modem.a(lr1mac_utilities.o)
                                                  ../lbm_lib/./build/basic_modem.a(region_us_915.o)
                                                  ../lbm_lib/./build/basic_modem.a(region_ru_864.o)
                                                  ../lbm_lib/./build/basic_modem.a(region_kr_920.o)
                                                  ../lbm_lib/./build/basic_modem.a(region_in_865.o)
                                                  ../lbm_lib/./build/basic_modem.a(region_eu_868.o)
                                                  ../lbm_lib/./build/basic_modem.a(region_cn_470_rp_1_0.o)
                                                  ../lbm_lib/./build/basic_modem.a(region_cn_470.o)
                                                  ../lbm_lib/./build/basic_modem.a(region_au_915.o)
                                                  ../lbm_lib/./build/basic_modem.a(region_as_923.o)
                                                  ../lbm_lib/./build/basic_modem.a(smtc_real.o)
SMTC_PUT_BIT16                                    ../lbm_lib/./build/basic_modem.a(lr1mac_utilities.o)
                                                  ../lbm_lib/./build/basic_modem.a(smtc_real.o)
SMTC_PUT_BIT8                                     ../lbm_lib/./build/basic_modem.a(lr1mac_utilities.o)
                                                  ../lbm_lib/./build/basic_modem.a(region_us_915.o)
                                                  ../lbm_lib/./build/basic_modem.a(region_ru_864.o)
                                                  ../lbm_lib/./build/basic_modem.a(region_kr_920.o)
                                                  ../lbm_lib/./build/basic_modem.a(region_in_865.o)
                                                  ../lbm_lib/./build/basic_modem.a(region_eu_868.o)
                                                  ../lbm_lib/./build/basic_modem.a(region_cn_470_rp_1_0.o)
                                                  ../lbm_lib/./build/basic_modem.a(region_cn_470.o)
                                                  ../lbm_lib/./build/basic_modem.a(region_au_915.o)
                                                  ../lbm_lib/./build/basic_modem.a(region_as_923.o)
                                                  ../lbm_lib/./build/basic_modem.a(smtc_real.o)
SMTC_SET_BIT16                                    ../lbm_lib/./build/basic_modem.a(lr1mac_utilities.o)
SMTC_SET_BIT8                                     ../lbm_lib/./build/basic_modem.a(lr1mac_utilities.o)
SysTick_Handler                                   build_sx1276_linux/smtc_hal_mcu.o
_DYNAMIC                                          /home/aj/lorawan-balloon/tools/linux/toolchain/arm-rockchip830-linux-uclibcgnueabihf/bin/../arm-rockchip830-linux-uclibcgnueabihf/sysroot/usr/lib/crt1.o
_Exit                                             /home/aj/lorawan-balloon/tools/linux/toolchain/arm-rockchip830-linux-uclibcgnueabihf/bin/../arm-rockchip830-linux-uclibcgnueabihf/sysroot/lib/libc.so.1
_GLOBAL_OFFSET_TABLE_                             /home/aj/lorawan-balloon/tools/linux/toolchain/arm-rockchip830-linux-uclibcgnueabihf/bin/../arm-rockchip830-linux-uclibcgnueabihf/sysroot/usr/lib/crt1.o
_ITM_deregisterTMCloneTable                       /home/aj/lorawan-balloon/tools/linux/toolchain/arm-rockchip830-linux-uclibcgnueabihf/bin/../lib/gcc/arm-rockchip830-linux-uclibcgnueabihf/8.3.0/crtbegin.o
_ITM_registerTMCloneTable                         /home/aj/lorawan-balloon/tools/linux/toolchain/arm-rockchip830-linux-uclibcgnueabihf/bin/../lib/gcc/arm-rockchip830-linux-uclibcgnueabihf/8.3.0/crtbegin.o
__TMC_END__                                       /home/aj/lorawan-balloon/tools/linux/toolchain/arm-rockchip830-linux-uclibcgnueabihf/bin/../lib/gcc/arm-rockchip830-linux-uclibcgnueabihf/8.3.0/crtend.o
                                                  /home/aj/lorawan-balloon/tools/linux/toolchain/arm-rockchip830-linux-uclibcgnueabihf/bin/../lib/gcc/arm-rockchip830-linux-uclibcgnueabihf/8.3.0/crtbegin.o
__adjtimex                                        /home/aj/lorawan-balloon/tools/linux/toolchain/arm-rockchip830-linux-uclibcgnueabihf/bin/../arm-rockchip830-linux-uclibcgnueabihf/sysroot/lib/libc.so.1
__aeabi_idiv                                      /home/aj/lorawan-balloon/tools/linux/toolchain/arm-rockchip830-linux-uclibcgnueabihf/bin/../lib/gcc/arm-rockchip830-linux-uclibcgnueabihf/8.3.0/libgcc.a(_divsi3.o)
                                                  ../lbm_lib/./build/basic_modem.a(smtc_real.o)
                                                  ../lbm_lib/./build/basic_modem.a(sx127x.o)
__aeabi_idiv0                                     /home/aj/lorawan-balloon/tools/linux/toolchain/arm-rockchip830-linux-uclibcgnueabihf/bin/../lib/gcc/arm-rockchip830-linux-uclibcgnueabihf/8.3.0/libgcc.a(_dvmd_lnx.o)
                                                  /home/aj/lorawan-balloon/tools/linux/toolchain/arm-rockchip830-linux-uclibcgnueabihf/bin/../lib/gcc/arm-rockchip830-linux-uclibcgnueabihf/8.3.0/libgcc.a(_divsi3.o)
                                                  /home/aj/lorawan-balloon/tools/linux/toolchain/arm-rockchip830-linux-uclibcgnueabihf/bin/../lib/gcc/arm-rockchip830-linux-uclibcgnueabihf/8.3.0/libgcc.a(_udivsi3.o)
__aeabi_idivmod                                   /home/aj/lorawan-balloon/tools/linux/toolchain/arm-rockchip830-linux-uclibcgnueabihf/bin/../lib/gcc/arm-rockchip830-linux-uclibcgnueabihf/8.3.0/libgcc.a(_divsi3.o)
                                                  ../lbm_lib/./build/basic_modem.a(fifo_ctrl.o)
__aeabi_ldiv0                                     /home/aj/lorawan-balloon/tools/linux/toolchain/arm-rockchip830-linux-uclibcgnueabihf/bin/../lib/gcc/arm-rockchip830-linux-uclibcgnueabihf/8.3.0/libgcc.a(_dvmd_lnx.o)
__aeabi_uidiv                                     /home/aj/lorawan-balloon/tools/linux/toolchain/arm-rockchip830-linux-uclibcgnueabihf/bin/../lib/gcc/arm-rockchip830-linux-uclibcgnueabihf/8.3.0/libgcc.a(_udivsi3.o)
                                                  ../lbm_lib/./build/basic_modem.a(smtc_real.o)
                                                  ../lbm_lib/./build/basic_modem.a(lr1mac_utilities.o)
                                                  ../lbm_lib/./build/basic_modem.a(smtc_duty_cycle.o)
                                                  ../lbm_lib/./build/basic_modem.a(sx127x.o)
__aeabi_uidivmod                                  /home/aj/lorawan-balloon/tools/linux/toolchain/arm-rockchip830-linux-uclibcgnueabihf/bin/../lib/gcc/arm-rockchip830-linux-uclibcgnueabihf/8.3.0/libgcc.a(_udivsi3.o)
                                                  ../lbm_lib/./build/basic_modem.a(region_us_915.o)
                                                  ../lbm_lib/./build/basic_modem.a(region_ru_864.o)
                                                  ../lbm_lib/./build/basic_modem.a(region_kr_920.o)
                                                  ../lbm_lib/./build/basic_modem.a(region_in_865.o)
                                                  ../lbm_lib/./build/basic_modem.a(region_eu_868.o)
                                                  ../lbm_lib/./build/basic_modem.a(region_cn_470_rp_1_0.o)
                                                  ../lbm_lib/./build/basic_modem.a(region_cn_470.o)
                                                  ../lbm_lib/./build/basic_modem.a(region_au_915.o)
                                                  ../lbm_lib/./build/basic_modem.a(region_as_923.o)
                                                  ../lbm_lib/./build/basic_modem.a(smtc_real.o)
                                                  ../lbm_lib/./build/basic_modem.a(aes.o)
                                                  ../lbm_lib/./build/basic_modem.a(fifo_ctrl.o)
                                                  build_sx1276_linux/smtc_hal_rng.o
__data_start                                      /home/aj/lorawan-balloon/tools/linux/toolchain/arm-rockchip830-linux-uclibcgnueabihf/bin/../arm-rockchip830-linux-uclibcgnueabihf/sysroot/usr/lib/crt1.o
__deregister_frame_info                           /home/aj/lorawan-balloon/tools/linux/toolchain/arm-rockchip830-linux-uclibcgnueabihf/bin/../lib/gcc/arm-rockchip830-linux-uclibcgnueabihf/8.3.0/crtbegin.o
__divsi3                                          /home/aj/lorawan-balloon/tools/linux/toolchain/arm-rockchip830-linux-uclibcgnueabihf/bin/../lib/gcc/arm-rockchip830-linux-uclibcgnueabihf/8.3.0/libgcc.a(_divsi3.o)
__dso_handle                                      /home/aj/lorawan-balloon/tools/linux/toolchain/arm-rockchip830-linux-uclibcgnueabihf/bin/../lib/gcc/arm-rockchip830-linux-uclibcgnueabihf/8.3.0/crtbegin.o
__errno_location                                  /home/aj/lorawan-balloon/tools/linux/toolchain/arm-rockchip830-linux-uclibcgnueabihf/bin/../arm-rockchip830-linux-uclibcgnueabihf/sysroot/lib/libc.so.1
                                                  build_sx1276_linux/smtc_hal_lp_timer.o
__libc_calloc                                     /home/aj/lorawan-balloon/tools/linux/toolchain/arm-rockchip830-linux-uclibcgnueabihf/bin/../arm-rockchip830-linux-uclibcgnueabihf/sysroot/lib/libc.so.1
__libc_free                                       /home/aj/lorawan-balloon/tools/linux/toolchain/arm-rockchip830-linux-uclibcgnueabihf/bin/../arm-rockchip830-linux-uclibcgnueabihf/sysroot/lib/libc.so.1
__libc_malloc                                     /home/aj/lorawan-balloon/tools/linux/toolchain/arm-rockchip830-linux-uclibcgnueabihf/bin/../arm-rockchip830-linux-uclibcgnueabihf/sysroot/lib/libc.so.1
__libc_memalign                                   /home/aj/lorawan-balloon/tools/linux/toolchain/arm-rockchip830-linux-uclibcgnueabihf/bin/../arm-rockchip830-linux-uclibcgnueabihf/sysroot/lib/libc.so.1
__libc_realloc                                    /home/aj/lorawan-balloon/tools/linux/toolchain/arm-rockchip830-linux-uclibcgnueabihf/bin/../arm-rockchip830-linux-uclibcgnueabihf/sysroot/lib/libc.so.1
__register_frame_info                             /home/aj/lorawan-balloon/tools/linux/toolchain/arm-rockchip830-linux-uclibcgnueabihf/bin/../lib/gcc/arm-rockchip830-linux-uclibcgnueabihf/8.3.0/crtbegin.o
__uClibc_main                                     /home/aj/lorawan-balloon/tools/linux/toolchain/arm-rockchip830-linux-uclibcgnueabihf/bin/../arm-rockchip830-linux-uclibcgnueabihf/sysroot/lib/libc.so.1
                                                  /home/aj/lorawan-balloon/tools/linux/toolchain/arm-rockchip830-linux-uclibcgnueabihf/bin/../arm-rockchip830-linux-uclibcgnueabihf/sysroot/usr/lib/crt1.o
__udivsi3                                         /home/aj/lorawan-balloon/tools/linux/toolchain/arm-rockchip830-linux-uclibcgnueabihf/bin/../lib/gcc/arm-rockchip830-linux-uclibcgnueabihf/8.3.0/libgcc.a(_udivsi3.o)
_fini                                             /home/aj/lorawan-balloon/tools/linux/toolchain/arm-rockchip830-linux-uclibcgnueabihf/bin/../arm-rockchip830-linux-uclibcgnueabihf/sysroot/usr/lib/crti.o
                                                  /home/aj/lorawan-balloon/tools/linux/toolchain/arm-rockchip830-linux-uclibcgnueabihf/bin/../arm-rockchip830-linux-uclibcgnueabihf/sysroot/usr/lib/crtn.o
                                                  /home/aj/lorawan-balloon/tools/linux/toolchain/arm-rockchip830-linux-uclibcgnueabihf/bin/../arm-rockchip830-linux-uclibcgnueabihf/sysroot/usr/lib/crt1.o
_init                                             /home/aj/lorawan-balloon/tools/linux/toolchain/arm-rockchip830-linux-uclibcgnueabihf/bin/../arm-rockchip830-linux-uclibcgnueabihf/sysroot/usr/lib/crti.o
                                                  /home/aj/lorawan-balloon/tools/linux/toolchain/arm-rockchip830-linux-uclibcgnueabihf/bin/../arm-rockchip830-linux-uclibcgnueabihf/sysroot/usr/lib/crtn.o
                                                  /home/aj/lorawan-balloon/tools/linux/toolchain/arm-rockchip830-linux-uclibcgnueabihf/bin/../arm-rockchip830-linux-uclibcgnueabihf/sysroot/usr/lib/crt1.o
_start                                            /home/aj/lorawan-balloon/tools/linux/toolchain/arm-rockchip830-linux-uclibcgnueabihf/bin/../arm-rockchip830-linux-uclibcgnueabihf/sysroot/usr/lib/crt1.o
abort                                             /home/aj/lorawan-balloon/tools/linux/toolchain/arm-rockchip830-linux-uclibcgnueabihf/bin/../arm-rockchip830-linux-uclibcgnueabihf/sysroot/lib/libc.so.1
                                                  /home/aj/lorawan-balloon/tools/linux/toolchain/arm-rockchip830-linux-uclibcgnueabihf/bin/../arm-rockchip830-linux-uclibcgnueabihf/sysroot/usr/lib/crt1.o
aes_cbc_encrypt                                   ../lbm_lib/./build/basic_modem.a(aes.o)
aes_encrypt                                       ../lbm_lib/./build/basic_modem.a(aes.o)
                                                  ../lbm_lib/./build/basic_modem.a(cmac.o)
                                                  ../lbm_lib/./build/basic_modem.a(soft_se.o)
aes_set_key                                       ../lbm_lib/./build/basic_modem.a(aes.o)
                                                  ../lbm_lib/./build/basic_modem.a(cmac.o)
                                                  ../lbm_lib/./build/basic_modem.a(soft_se.o)
aligned_alloc                                     /home/aj/lorawan-balloon/tools/linux/toolchain/arm-rockchip830-linux-uclibcgnueabihf/bin/../arm-rockchip830-linux-uclibcgnueabihf/sysroot/lib/libc.so.1
atoi                                              /home/aj/lorawan-balloon/tools/linux/toolchain/arm-rockchip830-linux-uclibcgnueabihf/bin/../arm-rockchip830-linux-uclibcgnueabihf/sysroot/lib/libc.so.1
                                                  build_sx1276_linux/smtc_hal_gpio.o
clone                                             /home/aj/lorawan-balloon/tools/linux/toolchain/arm-rockchip830-linux-uclibcgnueabihf/bin/../arm-rockchip830-linux-uclibcgnueabihf/sysroot/lib/libc.so.1
crc                                               ../lbm_lib/./build/basic_modem.a(modem_core.o)
data_start                                        /home/aj/lorawan-balloon/tools/linux/toolchain/arm-rockchip830-linux-uclibcgnueabihf/bin/../arm-rockchip830-linux-uclibcgnueabihf/sysroot/usr/lib/crt1.o
decrement_asynchronous_msgnumber                  ../lbm_lib/./build/basic_modem.a(modem_event_utilities.o)
                                                  ../lbm_lib/./build/basic_modem.a(smtc_modem.o)
dl_iterate_phdr                                   /home/aj/lorawan-balloon/tools/linux/toolchain/arm-rockchip830-linux-uclibcgnueabihf/bin/../arm-rockchip830-linux-uclibcgnueabihf/sysroot/lib/libc.so.1
eaccess                                           /home/aj/lorawan-balloon/tools/linux/toolchain/arm-rockchip830-linux-uclibcgnueabihf/bin/../arm-rockchip830-linux-uclibcgnueabihf/sysroot/lib/libc.so.1
empty_callback                                    ../lbm_lib/./build/basic_modem.a(smtc_modem.o)
environ                                           /home/aj/lorawan-balloon/tools/linux/toolchain/arm-rockchip830-linux-uclibcgnueabihf/bin/../arm-rockchip830-linux-uclibcgnueabihf/sysroot/lib/libc.so.1
epoll_pwait                                       /home/aj/lorawan-balloon/tools/linux/toolchain/arm-rockchip830-linux-uclibcgnueabihf/bin/../arm-rockchip830-linux-uclibcgnueabihf/sysroot/lib/libc.so.1
epoll_wait                                        /home/aj/lorawan-balloon/tools/linux/toolchain/arm-rockchip830-linux-uclibcgnueabihf/bin/../arm-rockchip830-linux-uclibcgnueabihf/sysroot/lib/libc.so.1
exit                                              /home/aj/lorawan-balloon/tools/linux/toolchain/arm-rockchip830-linux-uclibcgnueabihf/bin/../arm-rockchip830-linux-uclibcgnueabihf/sysroot/lib/libc.so.1
                                                  build_sx1276_linux/smtc_hal_gpio.o
                                                  build_sx1276_linux/smtc_hal_eeprom.o
fclose                                            /home/aj/lorawan-balloon/tools/linux/toolchain/arm-rockchip830-linux-uclibcgnueabihf/bin/../arm-rockchip830-linux-uclibcgnueabihf/sysroot/lib/libc.so.1
                                                  build_sx1276_linux/smtc_hal_gpio.o
                                                  build_sx1276_linux/smtc_hal_eeprom.o
fdatasync                                         /home/aj/lorawan-balloon/tools/linux/toolchain/arm-rockchip830-linux-uclibcgnueabihf/bin/../arm-rockchip830-linux-uclibcgnueabihf/sysroot/lib/libc.so.1
fflush                                            /home/aj/lorawan-balloon/tools/linux/toolchain/arm-rockchip830-linux-uclibcgnueabihf/bin/../arm-rockchip830-linux-uclibcgnueabihf/sysroot/lib/libc.so.1
                                                  build_sx1276_linux/smtc_hal_lp_timer.o
fifo_ctrl_clear                                   ../lbm_lib/./build/basic_modem.a(fifo_ctrl.o)
fifo_ctrl_get                                     ../lbm_lib/./build/basic_modem.a(fifo_ctrl.o)
                                                  ../lbm_lib/./build/basic_modem.a(smtc_modem.o)
fifo_ctrl_get_free_space                          ../lbm_lib/./build/basic_modem.a(fifo_ctrl.o)
fifo_ctrl_get_nb_elt                              ../lbm_lib/./build/basic_modem.a(fifo_ctrl.o)
                                                  ../lbm_lib/./build/basic_modem.a(smtc_modem.o)
fifo_ctrl_init                                    ../lbm_lib/./build/basic_modem.a(fifo_ctrl.o)
                                                  ../lbm_lib/./build/basic_modem.a(modem_core.o)
fifo_ctrl_print_stat                              ../lbm_lib/./build/basic_modem.a(fifo_ctrl.o)
                                                  ../lbm_lib/./build/basic_modem.a(modem_core.o)
fifo_ctrl_set                                     ../lbm_lib/./build/basic_modem.a(fifo_ctrl.o)
                                                  ../lbm_lib/./build/basic_modem.a(modem_core.o)
fopen                                             /home/aj/lorawan-balloon/tools/linux/toolchain/arm-rockchip830-linux-uclibcgnueabihf/bin/../arm-rockchip830-linux-uclibcgnueabihf/sysroot/lib/libc.so.1
                                                  build_sx1276_linux/smtc_hal_gpio.o
                                                  build_sx1276_linux/smtc_hal_eeprom.o
fprintf                                           /home/aj/lorawan-balloon/tools/linux/toolchain/arm-rockchip830-linux-uclibcgnueabihf/bin/../arm-rockchip830-linux-uclibcgnueabihf/sysroot/lib/libc.so.1
                                                  build_sx1276_linux/smtc_hal_gpio.o
fstatfs                                           /home/aj/lorawan-balloon/tools/linux/toolchain/arm-rockchip830-linux-uclibcgnueabihf/bin/../arm-rockchip830-linux-uclibcgnueabihf/sysroot/lib/libc.so.1
fsync                                             /home/aj/lorawan-balloon/tools/linux/toolchain/arm-rockchip830-linux-uclibcgnueabihf/bin/../arm-rockchip830-linux-uclibcgnueabihf/sysroot/lib/libc.so.1
get_asynchronous_msgnumber                        ../lbm_lib/./build/basic_modem.a(modem_event_utilities.o)
                                                  ../lbm_lib/./build/basic_modem.a(smtc_modem.o)
get_last_msg_event                                ../lbm_lib/./build/basic_modem.a(modem_event_utilities.o)
                                                  ../lbm_lib/./build/basic_modem.a(smtc_modem.o)
get_modem_event_count                             ../lbm_lib/./build/basic_modem.a(modem_event_utilities.o)
                                                  ../lbm_lib/./build/basic_modem.a(smtc_modem.o)
get_modem_event_status                            ../lbm_lib/./build/basic_modem.a(modem_event_utilities.o)
                                                  ../lbm_lib/./build/basic_modem.a(smtc_modem.o)
getcontext                                        /home/aj/lorawan-balloon/tools/linux/toolchain/arm-rockchip830-linux-uclibcgnueabihf/bin/../arm-rockchip830-linux-uclibcgnueabihf/sysroot/lib/libc.so.1
getenv                                            /home/aj/lorawan-balloon/tools/linux/toolchain/arm-rockchip830-linux-uclibcgnueabihf/bin/../arm-rockchip830-linux-uclibcgnueabihf/sysroot/lib/libc.so.1
getpgid                                           /home/aj/lorawan-balloon/tools/linux/toolchain/arm-rockchip830-linux-uclibcgnueabihf/bin/../arm-rockchip830-linux-uclibcgnueabihf/sysroot/lib/libc.so.1
getpid                                            /home/aj/lorawan-balloon/tools/linux/toolchain/arm-rockchip830-linux-uclibcgnueabihf/bin/../arm-rockchip830-linux-uclibcgnueabihf/sysroot/lib/libc.so.1
gnu_get_libc_release                              /home/aj/lorawan-balloon/tools/linux/toolchain/arm-rockchip830-linux-uclibcgnueabihf/bin/../arm-rockchip830-linux-uclibcgnueabihf/sysroot/lib/libc.so.1
gnu_get_libc_version                              /home/aj/lorawan-balloon/tools/linux/toolchain/arm-rockchip830-linux-uclibcgnueabihf/bin/../arm-rockchip830-linux-uclibcgnueabihf/sysroot/lib/libc.so.1
hal_eeprom_read_buffer                            build_sx1276_linux/smtc_hal_eeprom.o
                                                  build_sx1276_linux/smtc_modem_hal.o
hal_eeprom_write_buffer                           build_sx1276_linux/smtc_hal_eeprom.o
                                                  build_sx1276_linux/smtc_modem_hal.o
hal_gpio_clear_pending_irq                        build_sx1276_linux/smtc_hal_gpio.o
                                                  build_sx1276_linux/smtc_modem_hal.o
hal_gpio_enable_clock                             build_sx1276_linux/smtc_hal_gpio.o
hal_gpio_get_value                                build_sx1276_linux/smtc_hal_gpio.o
                                                  build_sx1276_linux/sx127x_hal.o
hal_gpio_init_in                                  build_sx1276_linux/smtc_hal_gpio.o
                                                  build_sx1276_linux/sx127x_hal.o
                                                  build_sx1276_linux/smtc_hal_mcu.o
hal_gpio_init_out                                 build_sx1276_linux/smtc_hal_gpio.o
                                                  build_sx1276_linux/sx127x_hal.o
hal_gpio_irq_attach                               build_sx1276_linux/smtc_hal_gpio.o
                                                  build_sx1276_linux/sx127x_hal.o
hal_gpio_irq_deatach                              build_sx1276_linux/smtc_hal_gpio.o
hal_gpio_irq_disable                              build_sx1276_linux/smtc_hal_gpio.o
                                                  build_sx1276_linux/smtc_modem_hal.o
hal_gpio_irq_enable                               build_sx1276_linux/smtc_hal_gpio.o
                                                  build_sx1276_linux/smtc_modem_hal.o
hal_gpio_set_value                                build_sx1276_linux/smtc_hal_gpio.o
                                                  build_sx1276_linux/sx127x_hal.o
                                                  build_sx1276_linux/smtc_modem_hal.o
hal_lp_timer_init                                 build_sx1276_linux/smtc_hal_lp_timer.o
                                                  build_sx1276_linux/smtc_hal_mcu.o
hal_lp_timer_irq_disable                          build_sx1276_linux/smtc_hal_lp_timer.o
                                                  build_sx1276_linux/smtc_modem_hal.o
hal_lp_timer_irq_enable                           build_sx1276_linux/smtc_hal_lp_timer.o
                                                  build_sx1276_linux/smtc_modem_hal.o
hal_lp_timer_start                                build_sx1276_linux/smtc_hal_lp_timer.o
                                                  build_sx1276_linux/sx127x_hal.o
                                                  build_sx1276_linux/smtc_modem_hal.o
hal_lp_timer_start_thread                         build_sx1276_linux/smtc_hal_lp_timer.o
hal_lp_timer_stop                                 build_sx1276_linux/smtc_hal_lp_timer.o
                                                  build_sx1276_linux/sx127x_hal.o
                                                  build_sx1276_linux/smtc_modem_hal.o
hal_mcu_critical_section_begin                    build_sx1276_linux/smtc_hal_mcu.o
                                                  build_sx1276_linux/sx127x_hal.o
hal_mcu_critical_section_end                      build_sx1276_linux/smtc_hal_mcu.o
                                                  build_sx1276_linux/sx127x_hal.o
hal_mcu_disable_irq                               build_sx1276_linux/smtc_hal_mcu.o
                                                  build_sx1276_linux/main_porting_tests.o
hal_mcu_enable_irq                                build_sx1276_linux/smtc_hal_mcu.o
                                                  build_sx1276_linux/main_porting_tests.o
hal_mcu_init                                      build_sx1276_linux/smtc_hal_mcu.o
                                                  build_sx1276_linux/main_porting_tests.o
hal_mcu_reset                                     build_sx1276_linux/smtc_hal_mcu.o
                                                  build_sx1276_linux/smtc_modem_hal.o
hal_mcu_set_sleep_for_ms                          build_sx1276_linux/smtc_hal_mcu.o
hal_mcu_wait_us                                   build_sx1276_linux/smtc_hal_mcu.o
                                                  build_sx1276_linux/sx127x_hal.o
hal_rng_get_random                                build_sx1276_linux/smtc_hal_rng.o
hal_rng_get_random_in_range                       build_sx1276_linux/smtc_hal_rng.o
                                                  build_sx1276_linux/smtc_modem_hal.o
hal_rng_get_signed_random_in_range                build_sx1276_linux/smtc_hal_rng.o
hal_rtc_get_time_100us                            build_sx1276_linux/smtc_hal_rtc.o
                                                  build_sx1276_linux/smtc_modem_hal.o
hal_rtc_get_time_ms                               build_sx1276_linux/smtc_hal_rtc.o
                                                  build_sx1276_linux/smtc_modem_hal.o
hal_rtc_get_time_s                                build_sx1276_linux/smtc_hal_rtc.o
                                                  build_sx1276_linux/smtc_modem_hal.o
hal_rtc_init                                      build_sx1276_linux/smtc_hal_rtc.o
                                                  build_sx1276_linux/smtc_hal_mcu.o
hal_rtc_wakeup_timer_set_ms                       build_sx1276_linux/smtc_hal_rtc.o
                                                  build_sx1276_linux/smtc_hal_mcu.o
hal_rtc_wakeup_timer_stop                         build_sx1276_linux/smtc_hal_rtc.o
                                                  build_sx1276_linux/smtc_hal_mcu.o
hal_spi_de_init                                   build_sx1276_linux/smtc_hal_spi.o
hal_spi_in_out                                    build_sx1276_linux/smtc_hal_spi.o
                                                  build_sx1276_linux/sx127x_hal.o
hal_spi_init                                      build_sx1276_linux/smtc_hal_spi.o
                                                  build_sx1276_linux/smtc_hal_mcu.o
hal_trace_print                                   build_sx1276_linux/smtc_hal_trace.o
                                                  build_sx1276_linux/smtc_modem_hal.o
hal_trace_print_var                               build_sx1276_linux/smtc_hal_trace.o
                                                  build_sx1276_linux/smtc_hal_mcu.o
                                                  build_sx1276_linux/smtc_modem_hal.o
                                                  build_sx1276_linux/main_porting_tests.o
hal_watchdog_init                                 build_sx1276_linux/smtc_hal_watchdog.o
                                                  build_sx1276_linux/smtc_hal_mcu.o
hal_watchdog_reload                               build_sx1276_linux/smtc_hal_watchdog.o
                                                  build_sx1276_linux/smtc_modem_hal.o
hw_modem_uart_deinit                              build_sx1276_linux/smtc_hal_uart.o
hw_modem_uart_dma_start_rx                        build_sx1276_linux/smtc_hal_uart.o
hw_modem_uart_dma_stop_rx                         build_sx1276_linux/smtc_hal_uart.o
hw_modem_uart_init                                build_sx1276_linux/smtc_hal_uart.o
hw_modem_uart_tx                                  build_sx1276_linux/smtc_hal_uart.o
increment_asynchronous_msgnumber                  ../lbm_lib/./build/basic_modem.a(modem_event_utilities.o)
                                                  ../lbm_lib/./build/basic_modem.a(lorawan_cid_request_management.o)
                                                  ../lbm_lib/./build/basic_modem.a(lorawan_send_management.o)
                                                  ../lbm_lib/./build/basic_modem.a(lorawan_join_management.o)
                                                  ../lbm_lib/./build/basic_modem.a(modem_supervisor_light.o)
                                                  ../lbm_lib/./build/basic_modem.a(modem_core.o)
                                                  ../lbm_lib/./build/basic_modem.a(smtc_modem.o)
increment_modem_event_count_and_status            ../lbm_lib/./build/basic_modem.a(modem_event_utilities.o)
index                                             /home/aj/lorawan-balloon/tools/linux/toolchain/arm-rockchip830-linux-uclibcgnueabihf/bin/../arm-rockchip830-linux-uclibcgnueabihf/sysroot/lib/libc.so.1
ioctl                                             /home/aj/lorawan-balloon/tools/linux/toolchain/arm-rockchip830-linux-uclibcgnueabihf/bin/../arm-rockchip830-linux-uclibcgnueabihf/sysroot/lib/libc.so.1
                                                  build_sx1276_linux/spidev_lib.o
irq_handler                                       build_sx1276_linux/smtc_hal_gpio.o
isnan                                             /home/aj/lorawan-balloon/tools/linux/toolchain/arm-rockchip830-linux-uclibcgnueabihf/bin/../arm-rockchip830-linux-uclibcgnueabihf/sysroot/lib/libc.so.1
longjmp                                           /home/aj/lorawan-balloon/tools/linux/toolchain/arm-rockchip830-linux-uclibcgnueabihf/bin/../arm-rockchip830-linux-uclibcgnueabihf/sysroot/lib/libc.so.1
lorawan_api_available_link_adr_get                ../lbm_lib/./build/basic_modem.a(lorawan_api.o)
lorawan_api_context_load                          ../lbm_lib/./build/basic_modem.a(lorawan_api.o)
lorawan_api_convert_rtc_to_gps_epoch_time         ../lbm_lib/./build/basic_modem.a(lorawan_api.o)
                                                  ../lbm_lib/./build/basic_modem.a(smtc_modem.o)
lorawan_api_core_abort                            ../lbm_lib/./build/basic_modem.a(lorawan_api.o)
                                                  ../lbm_lib/./build/basic_modem.a(smtc_modem.o)
lorawan_api_devaddr_get                           ../lbm_lib/./build/basic_modem.a(lorawan_api.o)
lorawan_api_devaddr_set                           ../lbm_lib/./build/basic_modem.a(lorawan_api.o)
                                                  ../lbm_lib/./build/basic_modem.a(smtc_modem.o)
lorawan_api_devnonce_get                          ../lbm_lib/./build/basic_modem.a(lorawan_api.o)
lorawan_api_dr_custom_get                         ../lbm_lib/./build/basic_modem.a(lorawan_api.o)
lorawan_api_dr_custom_set                         ../lbm_lib/./build/basic_modem.a(lorawan_api.o)
                                                  ../lbm_lib/./build/basic_modem.a(smtc_modem.o)
lorawan_api_dr_join_distribution_set              ../lbm_lib/./build/basic_modem.a(lorawan_api.o)
                                                  ../lbm_lib/./build/basic_modem.a(smtc_modem.o)
lorawan_api_dr_strategy_get                       ../lbm_lib/./build/basic_modem.a(lorawan_api.o)
                                                  ../lbm_lib/./build/basic_modem.a(smtc_modem.o)
lorawan_api_dr_strategy_set                       ../lbm_lib/./build/basic_modem.a(lorawan_api.o)
                                                  ../lbm_lib/./build/basic_modem.a(lorawan_certification.o)
                                                  ../lbm_lib/./build/basic_modem.a(modem_core.o)
                                                  ../lbm_lib/./build/basic_modem.a(smtc_modem.o)
lorawan_api_factory_reset                         ../lbm_lib/./build/basic_modem.a(lorawan_api.o)
lorawan_api_fcnt_up_get                           ../lbm_lib/./build/basic_modem.a(lorawan_api.o)
lorawan_api_get_activation_mode                   ../lbm_lib/./build/basic_modem.a(lorawan_api.o)
                                                  ../lbm_lib/./build/basic_modem.a(smtc_modem.o)
lorawan_api_get_adr_ack_limit_delay               ../lbm_lib/./build/basic_modem.a(lorawan_api.o)
                                                  ../lbm_lib/./build/basic_modem.a(smtc_modem.o)
lorawan_api_get_class_b_status                    ../lbm_lib/./build/basic_modem.a(lorawan_api.o)
lorawan_api_get_crystal_error                     ../lbm_lib/./build/basic_modem.a(lorawan_api.o)
lorawan_api_get_current_adr_ack_cnt               ../lbm_lib/./build/basic_modem.a(lorawan_api.o)
lorawan_api_get_current_enabled_frequencies_list  ../lbm_lib/./build/basic_modem.a(lorawan_api.o)
                                                  ../lbm_lib/./build/basic_modem.a(modem_core.o)
lorawan_api_get_current_no_rx_packet_cnt          ../lbm_lib/./build/basic_modem.a(lorawan_api.o)
                                                  ../lbm_lib/./build/basic_modem.a(smtc_modem.o)
lorawan_api_get_current_no_rx_packet_in_mobile_mode_cnt ../lbm_lib/./build/basic_modem.a(lorawan_api.o)
lorawan_api_get_deveui                            ../lbm_lib/./build/basic_modem.a(lorawan_api.o)
                                                  ../lbm_lib/./build/basic_modem.a(smtc_modem.o)
lorawan_api_get_device_time_invalid_delay_s       ../lbm_lib/./build/basic_modem.a(lorawan_api.o)
lorawan_api_get_device_time_req_status            ../lbm_lib/./build/basic_modem.a(lorawan_api.o)
                                                  ../lbm_lib/./build/basic_modem.a(lorawan_cid_request_management.o)
lorawan_api_get_frequency_factor                  ../lbm_lib/./build/basic_modem.a(lorawan_api.o)
lorawan_api_get_joineui                           ../lbm_lib/./build/basic_modem.a(lorawan_api.o)
                                                  ../lbm_lib/./build/basic_modem.a(smtc_modem.o)
lorawan_api_get_link_check_ans                    ../lbm_lib/./build/basic_modem.a(lorawan_api.o)
                                                  ../lbm_lib/./build/basic_modem.a(lorawan_cid_request_management.o)
                                                  ../lbm_lib/./build/basic_modem.a(smtc_modem.o)
lorawan_api_get_modulation_type_from_datarate     ../lbm_lib/./build/basic_modem.a(lorawan_api.o)
lorawan_api_get_network_type                      ../lbm_lib/./build/basic_modem.a(lorawan_api.o)
lorawan_api_get_no_rx_packet_threshold            ../lbm_lib/./build/basic_modem.a(lorawan_api.o)
lorawan_api_get_no_rx_windows                     ../lbm_lib/./build/basic_modem.a(lorawan_api.o)
lorawan_api_get_ping_slot_info_req_status         ../lbm_lib/./build/basic_modem.a(lorawan_api.o)
                                                  ../lbm_lib/./build/basic_modem.a(lorawan_cid_request_management.o)
lorawan_api_get_ping_slot_periodicity             ../lbm_lib/./build/basic_modem.a(lorawan_api.o)
                                                  ../lbm_lib/./build/basic_modem.a(smtc_modem.o)
lorawan_api_get_region                            ../lbm_lib/./build/basic_modem.a(lorawan_api.o)
                                                  ../lbm_lib/./build/basic_modem.a(modem_core.o)
                                                  ../lbm_lib/./build/basic_modem.a(smtc_modem.o)
lorawan_api_get_regional_parameters_version       ../lbm_lib/./build/basic_modem.a(lorawan_api.o)
                                                  ../lbm_lib/./build/basic_modem.a(lorawan_certification.o)
lorawan_api_get_spec_version                      ../lbm_lib/./build/basic_modem.a(lorawan_api.o)
                                                  ../lbm_lib/./build/basic_modem.a(lorawan_certification.o)
lorawan_api_get_time_left_connection_lost         ../lbm_lib/./build/basic_modem.a(lorawan_api.o)
lorawan_api_get_timestamp_last_device_time_ans_s  ../lbm_lib/./build/basic_modem.a(lorawan_api.o)
                                                  ../lbm_lib/./build/basic_modem.a(smtc_modem.o)
lorawan_api_init                                  ../lbm_lib/./build/basic_modem.a(lorawan_api.o)
                                                  ../lbm_lib/./build/basic_modem.a(modem_core.o)
lorawan_api_is_datarate_valid                     ../lbm_lib/./build/basic_modem.a(lorawan_api.o)
lorawan_api_is_dtc_supported                      ../lbm_lib/./build/basic_modem.a(lorawan_api.o)
lorawan_api_is_frequency_valid                    ../lbm_lib/./build/basic_modem.a(lorawan_api.o)
lorawan_api_is_time_valid                         ../lbm_lib/./build/basic_modem.a(lorawan_api.o)
lorawan_api_isjoined                              ../lbm_lib/./build/basic_modem.a(lorawan_api.o)
                                                  ../lbm_lib/./build/basic_modem.a(smtc_modem_test.o)
                                                  ../lbm_lib/./build/basic_modem.a(lorawan_dwn_ack_management.o)
                                                  ../lbm_lib/./build/basic_modem.a(lorawan_join_management.o)
                                                  ../lbm_lib/./build/basic_modem.a(lorawan_certification.o)
                                                  ../lbm_lib/./build/basic_modem.a(modem_core.o)
lorawan_api_join                                  ../lbm_lib/./build/basic_modem.a(lorawan_api.o)
                                                  ../lbm_lib/./build/basic_modem.a(lorawan_join_management.o)
                                                  ../lbm_lib/./build/basic_modem.a(smtc_modem.o)
lorawan_api_join_status_clear                     ../lbm_lib/./build/basic_modem.a(lorawan_api.o)
                                                  ../lbm_lib/./build/basic_modem.a(lorawan_certification.o)
                                                  ../lbm_lib/./build/basic_modem.a(modem_core.o)
                                                  ../lbm_lib/./build/basic_modem.a(smtc_modem.o)
lorawan_api_lbt_get_parameters                    ../lbm_lib/./build/basic_modem.a(lorawan_api.o)
                                                  ../lbm_lib/./build/basic_modem.a(smtc_modem.o)
lorawan_api_lbt_get_state                         ../lbm_lib/./build/basic_modem.a(lorawan_api.o)
                                                  ../lbm_lib/./build/basic_modem.a(smtc_modem.o)
lorawan_api_lbt_set_parameters                    ../lbm_lib/./build/basic_modem.a(lorawan_api.o)
                                                  ../lbm_lib/./build/basic_modem.a(smtc_modem.o)
lorawan_api_lbt_set_state                         ../lbm_lib/./build/basic_modem.a(lorawan_api.o)
                                                  ../lbm_lib/./build/basic_modem.a(smtc_modem.o)
lorawan_api_lora_dr_to_sf_bw                      ../lbm_lib/./build/basic_modem.a(lorawan_api.o)
lorawan_api_mask_tx_dr_channel_up_dwell_time_check ../lbm_lib/./build/basic_modem.a(lorawan_api.o)
                                                  ../lbm_lib/./build/basic_modem.a(smtc_modem.o)
lorawan_api_max_tx_dr_get                         ../lbm_lib/./build/basic_modem.a(lorawan_api.o)
lorawan_api_min_tx_dr_get                         ../lbm_lib/./build/basic_modem.a(lorawan_api.o)
lorawan_api_modem_certification_is_enabled        ../lbm_lib/./build/basic_modem.a(lorawan_api.o)
                                                  ../lbm_lib/./build/basic_modem.a(lorawan_join_management.o)
                                                  ../lbm_lib/./build/basic_modem.a(lorawan_certification.o)