smtc_modem_hal.c:136:6:smtc_modem_hal_reset_mcu	0	static
smtc_modem_hal.c:143:6:smtc_modem_hal_reload_wdog	0	static
smtc_modem_hal.c:150:10:smtc_modem_hal_get_time_in_s	0	static
smtc_modem_hal.c:155:10:smtc_modem_hal_get_time_in_ms	0	static
smtc_modem_hal.c:160:10:smtc_modem_hal_get_time_in_100us	0	static
smtc_modem_hal.c:167:6:smtc_modem_hal_start_timer	24	static
smtc_modem_hal.c:173:6:smtc_modem_hal_stop_timer	0	static
smtc_modem_hal.c:180:6:smtc_modem_hal_disable_modem_irq	8	static
smtc_modem_hal.c:189:6:smtc_modem_hal_enable_modem_irq	8	static
smtc_modem_hal.c:200:6:smtc_modem_hal_context_restore	8	static
smtc_modem_hal.c:252:6:smtc_modem_hal_context_store	8	static
smtc_modem_hal.c:320:6:smtc_modem_hal_context_flash_pages_erase	8	static
smtc_modem_hal.c:337:6:smtc_modem_hal_crashlog_store	8	static
smtc_modem_hal.c:344:6:smtc_modem_hal_crashlog_restore	0	static
smtc_modem_hal.c:350:6:smtc_modem_hal_crashlog_set_status	0	static
smtc_modem_hal.c:355:6:smtc_modem_hal_crashlog_get_status	0	static
smtc_modem_hal.c:362:6:smtc_modem_hal_on_panic	288	static
smtc_modem_hal.c:380:10:smtc_modem_hal_get_random_nb_in_range	0	static
smtc_modem_hal.c:387:6:smtc_modem_hal_irq_config_radio_irq	16	static
smtc_modem_hal.c:402:6:smtc_modem_hal_radio_irq_clear_pending	8	static
smtc_modem_hal.c:413:6:smtc_modem_hal_start_radio_tcxo	0	static
smtc_modem_hal.c:418:6:smtc_modem_hal_stop_radio_tcxo	0	static
smtc_modem_hal.c:423:10:smtc_modem_hal_get_radio_tcxo_startup_delay_ms	0	static
smtc_modem_hal.c:433:6:smtc_modem_hal_set_ant_switch	0	static
smtc_modem_hal.c:442:9:smtc_modem_hal_get_battery_level	0	static
smtc_modem_hal.c:452:8:smtc_modem_hal_get_board_delay_ms	0	static
smtc_modem_hal.c:463:6:smtc_modem_hal_print_trace	16	static
smtc_modem_hal.c:527:8:smtc_modem_hal_get_temperature	0	static
smtc_modem_hal.c:533:10:smtc_modem_hal_get_voltage_mv	0	static
smtc_modem_hal.c:557:6:smtc_modem_hal_user_lbm_irq	0	static
